[nta0309-ecommerce-admin-dashboard.netlify.app/index.html]
[backblue.gif]
[fade.gif]
[index.html]
[nta0309-ecommerce-admin-dashboard.netlify.app/img/favicon.png]
[nta0309-ecommerce-admin-dashboard.netlify.app/css/bootstrap.min.css]
[nta0309-ecommerce-admin-dashboard.netlify.app/css/font-awesome-all.min.css]
[nta0309-ecommerce-admin-dashboard.netlify.app/css/datatables.min.css]
[nta0309-ecommerce-admin-dashboard.netlify.app/css/jvector-map.css]
[nta0309-ecommerce-admin-dashboard.netlify.app/css/slickslider.min.css]
[nta0309-ecommerce-admin-dashboard.netlify.app/css/jquery-ui.css]
[nta0309-ecommerce-admin-dashboard.netlify.app/css/reset.css]
[nta0309-ecommerce-admin-dashboard.netlify.app/style.css]
[nta0309-ecommerce-admin-dashboard.netlify.app/img/logo.png]
[nta0309-ecommerce-admin-dashboard.netlify.app/vendor.html]
[nta0309-ecommerce-admin-dashboard.netlify.app/vendor-list.html]
[nta0309-ecommerce-admin-dashboard.netlify.app/vendor-profile.html]
[nta0309-ecommerce-admin-dashboard.netlify.app/customer-list.html]
[nta0309-ecommerce-admin-dashboard.netlify.app/customers.html]
[nta0309-ecommerce-admin-dashboard.netlify.app/products.html]
[nta0309-ecommerce-admin-dashboard.netlify.app/product-list.html]
[nta0309-ecommerce-admin-dashboard.netlify.app/upload-product.html]
[nta0309-ecommerce-admin-dashboard.netlify.app/wishlist.html]
[nta0309-ecommerce-admin-dashboard.netlify.app/order-list.html]
[nta0309-ecommerce-admin-dashboard.netlify.app/order-details.html]
[nta0309-ecommerce-admin-dashboard.netlify.app/invoice.html]
[nta0309-ecommerce-admin-dashboard.netlify.app/history.html]
[nta0309-ecommerce-admin-dashboard.netlify.app/profile-info.html]
[nta0309-ecommerce-admin-dashboard.netlify.app/chat-messages.html]
[nta0309-ecommerce-admin-dashboard.netlify.app/notifications.html]
[nta0309-ecommerce-admin-dashboard.netlify.app/terms-conditions.html]
[nta0309-ecommerce-admin-dashboard.netlify.app/faq.html]
[nta0309-ecommerce-admin-dashboard.netlify.app/languages.html]
[nta0309-ecommerce-admin-dashboard.netlify.app/login.html]
[nta0309-ecommerce-admin-dashboard.netlify.app/img/chat-author1.png]
[nta0309-ecommerce-admin-dashboard.netlify.app/img/chat-author2.png]
[nta0309-ecommerce-admin-dashboard.netlify.app/img/chat-author3.png]
[nta0309-ecommerce-admin-dashboard.netlify.app/img/chat-author4.png]
[nta0309-ecommerce-admin-dashboard.netlify.app/img/chat-author5.png]
[nta0309-ecommerce-admin-dashboard.netlify.app/img/profile-pic.png]
[nta0309-ecommerce-admin-dashboard.netlify.app/profile.25.delayed]
[nta0309-ecommerce-admin-dashboard.netlify.app/img/customer-1.png]
[nta0309-ecommerce-admin-dashboard.netlify.app/img/product-1.png]
[nta0309-ecommerce-admin-dashboard.netlify.app/img/customer-2.png]
[nta0309-ecommerce-admin-dashboard.netlify.app/img/customer-3.png]
[nta0309-ecommerce-admin-dashboard.netlify.app/img/product-3.png]
[nta0309-ecommerce-admin-dashboard.netlify.app/img/customer-4.png]
[nta0309-ecommerce-admin-dashboard.netlify.app/img/product-4.png]
[nta0309-ecommerce-admin-dashboard.netlify.app/img/customer-5.png]
[nta0309-ecommerce-admin-dashboard.netlify.app/img/product-5.png]
[nta0309-ecommerce-admin-dashboard.netlify.app/img/product-slider-1.png]
[nta0309-ecommerce-admin-dashboard.netlify.app/img/product-slider-2.png]
[nta0309-ecommerce-admin-dashboard.netlify.app/img/product-slider-3.png]
[nta0309-ecommerce-admin-dashboard.netlify.app/img/product-slider-4.png]
[nta0309-ecommerce-admin-dashboard.netlify.app/img/product-slider-5.png]
[nta0309-ecommerce-admin-dashboard.netlify.app/img/product-slider-6.png]
[nta0309-ecommerce-admin-dashboard.netlify.app/js/jquery.min.js]
[nta0309-ecommerce-admin-dashboard.netlify.app/js/jquery-migrate.js]
[nta0309-ecommerce-admin-dashboard.netlify.app/js/jquery-ui.min.js]
[nta0309-ecommerce-admin-dashboard.netlify.app/js/popper.min.js]
[nta0309-ecommerce-admin-dashboard.netlify.app/js/bootstrap.min.js]
[nta0309-ecommerce-admin-dashboard.netlify.app/js/charts.js]
[nta0309-ecommerce-admin-dashboard.netlify.app/js/datatables.min.js]
[nta0309-ecommerce-admin-dashboard.netlify.app/js/circle-progress.min.js]
[nta0309-ecommerce-admin-dashboard.netlify.app/js/jquery-jvectormap.js]
[nta0309-ecommerce-admin-dashboard.netlify.app/js/jvector-map.js]
[nta0309-ecommerce-admin-dashboard.netlify.app/js/slickslider.min.js]
[nta0309-ecommerce-admin-dashboard.netlify.app/js/main.js]
[nta0309-ecommerce-admin-dashboard.netlify.app/index.html]
[nta0309-ecommerce-admin-dashboard.netlify.app/css/bootstrap.min.css]
[nta0309-ecommerce-admin-dashboard.netlify.app/webfonts/fa-brands-400.woff2]
[nta0309-ecommerce-admin-dashboard.netlify.app/webfonts/fa-brands-400.ttf]
[nta0309-ecommerce-admin-dashboard.netlify.app/webfonts/fa-regular-400.woff2]
[nta0309-ecommerce-admin-dashboard.netlify.app/webfonts/fa-regular-400.ttf]
[nta0309-ecommerce-admin-dashboard.netlify.app/webfonts/fa-solid-900.woff2]
[nta0309-ecommerce-admin-dashboard.netlify.app/webfonts/fa-v4compatibility.47.delayed]
[nta0309-ecommerce-admin-dashboard.netlify.app/webfonts/fa-solid-900.ttf]
[nta0309-ecommerce-admin-dashboard.netlify.app/webfonts/fa-v4compatibility.48.delayed]
[nta0309-ecommerce-admin-dashboard.netlify.app/css/font-awesome-all.min.css]
[nta0309-ecommerce-admin-dashboard.netlify.app/css/charts.min.css]
[nta0309-ecommerce-admin-dashboard.netlify.app/css/datatables.min.css]
[nta0309-ecommerce-admin-dashboard.netlify.app/css/jvector-map.css]
[nta0309-ecommerce-admin-dashboard.netlify.app/css/slickslider.min.css]
[nta0309-ecommerce-admin-dashboard.netlify.app/css/images/ui-bg_inset-hard_100_fcfdfd_1x100.49.delayed]
[nta0309-ecommerce-admin-dashboard.netlify.app/css/images/ui-bg_gloss-wave_55_5c9ccc_500x100.4a.delayed]
[nta0309-ecommerce-admin-dashboard.netlify.app/css/images/ui-bg_glass_85_dfeffc_1x400.4b.delayed]
[nta0309-ecommerce-admin-dashboard.netlify.app/css/images/ui-bg_glass_75_d0e5f5_1x400.4c.delayed]
[nta0309-ecommerce-admin-dashboard.netlify.app/css/images/ui-bg_inset-hard_100_f5f8f9_1x100.4d.delayed]
[nta0309-ecommerce-admin-dashboard.netlify.app/css/images/ui-bg_glass_95_fef1ec_1x400.4e.delayed]
[nta0309-ecommerce-admin-dashboard.netlify.app/css/images/ui-icons_469bdd_256x240.4f.delayed]
[nta0309-ecommerce-admin-dashboard.netlify.app/css/images/ui-icons_d8e7f3_256x240.50.delayed]
[nta0309-ecommerce-admin-dashboard.netlify.app/css/images/ui-icons_6da8d5_256x240.51.delayed]
[nta0309-ecommerce-admin-dashboard.netlify.app/css/images/ui-icons_217bc0_256x240.52.delayed]
[nta0309-ecommerce-admin-dashboard.netlify.app/css/images/ui-icons_f9bd01_256x240.53.delayed]
[nta0309-ecommerce-admin-dashboard.netlify.app/css/images/ui-icons_2e83ff_256x240.54.delayed]
[nta0309-ecommerce-admin-dashboard.netlify.app/css/images/ui-icons_cd0a0a_256x240.55.delayed]
[nta0309-ecommerce-admin-dashboard.netlify.app/css/jquery-ui.css]
[nta0309-ecommerce-admin-dashboard.netlify.app/css/reset.css]
[nta0309-ecommerce-admin-dashboard.netlify.app/img/arrow-down-svg.56.delayed]
[nta0309-ecommerce-admin-dashboard.netlify.app/style.css]
[nta0309-ecommerce-admin-dashboard.netlify.app/img/vendor-1.png]
[nta0309-ecommerce-admin-dashboard.netlify.app/img/vendor-2.png]
[nta0309-ecommerce-admin-dashboard.netlify.app/img/vendor-3.png]
[nta0309-ecommerce-admin-dashboard.netlify.app/img/vendor-4.png]
[nta0309-ecommerce-admin-dashboard.netlify.app/img/vendor-5.png]
[nta0309-ecommerce-admin-dashboard.netlify.app/img/vendor-6.png]
[nta0309-ecommerce-admin-dashboard.netlify.app/img/vendor-7.png]
[nta0309-ecommerce-admin-dashboard.netlify.app/img/vendor-8.png]
[nta0309-ecommerce-admin-dashboard.netlify.app/img/vendor-9.png]
[nta0309-ecommerce-admin-dashboard.netlify.app/img/vendor-10.png]
[nta0309-ecommerce-admin-dashboard.netlify.app/img/vendor-11.png]
[nta0309-ecommerce-admin-dashboard.netlify.app/img/vendor-12.png]
[nta0309-ecommerce-admin-dashboard.netlify.app/img/vendor-13.png]
[nta0309-ecommerce-admin-dashboard.netlify.app/img/vendor-14.png]
[nta0309-ecommerce-admin-dashboard.netlify.app/img/vendor-15.png]
[nta0309-ecommerce-admin-dashboard.netlify.app/img/vendor-16.png]
[nta0309-ecommerce-admin-dashboard.netlify.app/js/final-countdown.min.67.delayed]
[nta0309-ecommerce-admin-dashboard.netlify.app/js/fancy-box.min.68.delayed]
[nta0309-ecommerce-admin-dashboard.netlify.app/js/fullcalendar.min.69.delayed]
[nta0309-ecommerce-admin-dashboard.netlify.app/vendor.html]
[nta0309-ecommerce-admin-dashboard.netlify.app/vendor-list.html]
[nta0309-ecommerce-admin-dashboard.netlify.app/img/profile-cover.jpg]
[nta0309-ecommerce-admin-dashboard.netlify.app/img/profile.png]
[nta0309-ecommerce-admin-dashboard.netlify.app/img/product-img1.png]
[nta0309-ecommerce-admin-dashboard.netlify.app/product-detail.6d.delayed]
[nta0309-ecommerce-admin-dashboard.netlify.app/img/product-img2.png]
[nta0309-ecommerce-admin-dashboard.netlify.app/img/product-img3.png]
[nta0309-ecommerce-admin-dashboard.netlify.app/img/product-img4.png]
[nta0309-ecommerce-admin-dashboard.netlify.app/img/product-img5.png]
[nta0309-ecommerce-admin-dashboard.netlify.app/img/product-img6.png]
[nta0309-ecommerce-admin-dashboard.netlify.app/img/product-img7.png]
[nta0309-ecommerce-admin-dashboard.netlify.app/img/product-img8.png]
[nta0309-ecommerce-admin-dashboard.netlify.app/img/product-img9.png]
[nta0309-ecommerce-admin-dashboard.netlify.app/img/flag-bd.png]
[nta0309-ecommerce-admin-dashboard.netlify.app/vendor-profile.html]
[nta0309-ecommerce-admin-dashboard.netlify.app/customer-list.html]
[nta0309-ecommerce-admin-dashboard.netlify.app/img/customer-profile.png]
[nta0309-ecommerce-admin-dashboard.netlify.app/customers.html]
[nta0309-ecommerce-admin-dashboard.netlify.app/products.html]
[nta0309-ecommerce-admin-dashboard.netlify.app/img/product-detail.png]
[nta0309-ecommerce-admin-dashboard.netlify.app/img/review-1.png]
[nta0309-ecommerce-admin-dashboard.netlify.app/img/review-2.png]
[nta0309-ecommerce-admin-dashboard.netlify.app/img/review-3.png]
[nta0309-ecommerce-admin-dashboard.netlify.app/img/review-4.png]
[nta0309-ecommerce-admin-dashboard.netlify.app/js/flex-slider.7d.delayed]
[nta0309-ecommerce-admin-dashboard.netlify.app/product-list.html]
[nta0309-ecommerce-admin-dashboard.netlify.app/upload-product.html]
[nta0309-ecommerce-admin-dashboard.netlify.app/wishlist.html]
[nta0309-ecommerce-admin-dashboard.netlify.app/order-list.html]
[nta0309-ecommerce-admin-dashboard.netlify.app/order-details.html]
[nta0309-ecommerce-admin-dashboard.netlify.app/invoice.html]
[nta0309-ecommerce-admin-dashboard.netlify.app/history.html]
[nta0309-ecommerce-admin-dashboard.netlify.app/invoice-print.html]
[nta0309-ecommerce-admin-dashboard.netlify.app/img/profile-thumb.png]
[nta0309-ecommerce-admin-dashboard.netlify.app/img/p-update-img.png]
[nta0309-ecommerce-admin-dashboard.netlify.app/profile-info.html]
[nta0309-ecommerce-admin-dashboard.netlify.app/img/chat-author10.png]
[nta0309-ecommerce-admin-dashboard.netlify.app/img/chat-author6.png]
[nta0309-ecommerce-admin-dashboard.netlify.app/img/chat-author7.png]
[nta0309-ecommerce-admin-dashboard.netlify.app/img/chat-author8.png]
[nta0309-ecommerce-admin-dashboard.netlify.app/img/chat-author9.png]
[nta0309-ecommerce-admin-dashboard.netlify.app/img/chat-top-ms.png]
[nta0309-ecommerce-admin-dashboard.netlify.app/img/imoji.png]
[nta0309-ecommerce-admin-dashboard.netlify.app/chat-messages.html]
[nta0309-ecommerce-admin-dashboard.netlify.app/notifications.html]
[nta0309-ecommerce-admin-dashboard.netlify.app/terms-conditions.html]
[nta0309-ecommerce-admin-dashboard.netlify.app/faq.html]
[nta0309-ecommerce-admin-dashboard.netlify.app/img/flag-1.png]
[nta0309-ecommerce-admin-dashboard.netlify.app/img/flag-2.png]
[nta0309-ecommerce-admin-dashboard.netlify.app/img/flag-3.png]
[nta0309-ecommerce-admin-dashboard.netlify.app/img/flag-4.png]
[nta0309-ecommerce-admin-dashboard.netlify.app/img/flag-5.png]
[nta0309-ecommerce-admin-dashboard.netlify.app/img/flag-6.png]
[nta0309-ecommerce-admin-dashboard.netlify.app/img/flag-7.png]
[nta0309-ecommerce-admin-dashboard.netlify.app/img/flag-8.png]
[nta0309-ecommerce-admin-dashboard.netlify.app/img/flag-9.png]
[nta0309-ecommerce-admin-dashboard.netlify.app/img/flag-10.png]
[nta0309-ecommerce-admin-dashboard.netlify.app/languages.html]
[nta0309-ecommerce-admin-dashboard.netlify.app/img/credential-bg.92.delayed]
[nta0309-ecommerce-admin-dashboard.netlify.app/img/welcome-bg.png]
[nta0309-ecommerce-admin-dashboard.netlify.app/img/welcome-vector.png]
[nta0309-ecommerce-admin-dashboard.netlify.app/forgot-password.95.delayed]
[nta0309-ecommerce-admin-dashboard.netlify.app/login.html]
[nta0309-ecommerce-admin-dashboard.netlify.app/profile.html]
[nta0309-ecommerce-admin-dashboard.netlify.app/webfonts/fa-v4compatibility.html]
[nta0309-ecommerce-admin-dashboard.netlify.app/webfonts/fa-v4compatibility-2.html]
[nta0309-ecommerce-admin-dashboard.netlify.app/css/images/ui-bg_inset-hard_100_fcfdfd_1x100.html]
[nta0309-ecommerce-admin-dashboard.netlify.app/css/images/ui-bg_gloss-wave_55_5c9ccc_500x100.html]
[nta0309-ecommerce-admin-dashboard.netlify.app/css/images/ui-bg_glass_85_dfeffc_1x400.html]
[nta0309-ecommerce-admin-dashboard.netlify.app/css/images/ui-bg_glass_75_d0e5f5_1x400.html]
[nta0309-ecommerce-admin-dashboard.netlify.app/css/images/ui-bg_inset-hard_100_f5f8f9_1x100.html]
[nta0309-ecommerce-admin-dashboard.netlify.app/css/images/ui-bg_glass_95_fef1ec_1x400.html]
[nta0309-ecommerce-admin-dashboard.netlify.app/css/images/ui-icons_469bdd_256x240.html]
[nta0309-ecommerce-admin-dashboard.netlify.app/css/images/ui-icons_d8e7f3_256x240.html]
[nta0309-ecommerce-admin-dashboard.netlify.app/css/images/ui-icons_6da8d5_256x240.html]
[nta0309-ecommerce-admin-dashboard.netlify.app/css/images/ui-icons_217bc0_256x240.html]
[nta0309-ecommerce-admin-dashboard.netlify.app/css/images/ui-icons_f9bd01_256x240.html]
[nta0309-ecommerce-admin-dashboard.netlify.app/css/images/ui-icons_2e83ff_256x240.html]
[nta0309-ecommerce-admin-dashboard.netlify.app/css/images/ui-icons_cd0a0a_256x240.html]
[nta0309-ecommerce-admin-dashboard.netlify.app/img/arrow-down-svg.html]
[nta0309-ecommerce-admin-dashboard.netlify.app/js/final-countdown.min.html]
[nta0309-ecommerce-admin-dashboard.netlify.app/js/fancy-box.min.html]
[nta0309-ecommerce-admin-dashboard.netlify.app/js/fullcalendar.min.html]
[nta0309-ecommerce-admin-dashboard.netlify.app/product-detail.html]
[nta0309-ecommerce-admin-dashboard.netlify.app/js/flex-slider.html]
[nta0309-ecommerce-admin-dashboard.netlify.app/invoice-print.html]
[nta0309-ecommerce-admin-dashboard.netlify.app/img/credential-bg.html]
[nta0309-ecommerce-admin-dashboard.netlify.app/forgot-password.html]
[nta0309-ecommerce-admin-dashboard.netlify.app/create-account.html]
[nta0309-ecommerce-admin-dashboard.netlify.app/create-account.html]
