[bean-style.mysapo.net/index.html]
[backblue.gif]
[fade.gif]
[index.html]
[bizweb.dktcdn.net/100/566/174/themes/1008318/assets/logobf6b.png]
[bizweb.dktcdn.net/100/566/174/themes/1008318/assets/faviconbf6b.png]
[bizweb.dktcdn.net/100/566/174/themes/1008318/assets/lazybf6b.js]
[bizweb.dktcdn.net/100/566/174/themes/1008318/assets/fonts.scssbf6b.css]
[bizweb.dktcdn.net/100/566/174/themes/1008318/assets/main.scssbf6b.css]
[bizweb.dktcdn.net/100/566/174/themes/1008318/assets/index.scssbf6b.css]
[bizweb.dktcdn.net/100/566/174/themes/1008318/assets/bootstrap-4-3-minbf6b.css]
[bizweb.dktcdn.net/100/566/174/themes/1008318/assets/quickviews_popup_cart.scssbf6b.css]
[bizweb.dktcdn.net/100/566/174/themes/1008318/assets/jquerybf6b.js]
[bizweb.dktcdn.net/100/566/174/themes/1008318/assets/swiperbf6b.js]
[bean-style.mysapo.net/s.a.delayed]
[bean-style.mysapo.net/dist/js/stats.minbadf.js]
[bean-style.mysapo.net/searche316.html]
[bean-style.mysapo.net/search4fa1.html]
[bean-style.mysapo.net/searcheaef.html]
[bean-style.mysapo.net/searchc085.html]
[bean-style.mysapo.net/searchb949.html]
[bean-style.mysapo.net/he-thong-cua-hang.html]
[bean-style.mysapo.net/account/login.html]
[bean-style.mysapo.net/account/register.html]
[bean-style.mysapo.net/san-pham-yeu-thich.html]
[bean-style.mysapo.net/cart.html]
[bean-style.mysapo.net/gioi-thieu.html]
[bean-style.mysapo.net/collections/all.html]
[bean-style.mysapo.net/mix-match.html]
[bean-style.mysapo.net/cau-hoi-thuong-gap.html]
[bean-style.mysapo.net/pre-order.html]
[bean-style.mysapo.net/feedback.html]
[bean-style.mysapo.net/tin-tuc.html]
[bean-style.mysapo.net/lien-he.html]
[bizweb.dktcdn.net/thumb/grande/100/566/174/themes/1008318/assets/slider_1bf6b.jpg]
[bizweb.dktcdn.net/100/566/174/themes/1008318/assets/cate_1bf6b.jpg]
[bean-style.mysapo.net/khuyen-mai-hot.html]
[bizweb.dktcdn.net/100/566/174/themes/1008318/assets/cate_2bf6b.jpg]
[bizweb.dktcdn.net/100/566/174/themes/1008318/assets/cate_3bf6b.jpg]
[bizweb.dktcdn.net/100/566/174/themes/1008318/assets/cate_4bf6b.jpg]
[bizweb.dktcdn.net/100/566/174/themes/1008318/assets/cate_5bf6b.jpg]
[bizweb.dktcdn.net/100/566/174/themes/1008318/assets/cate_6bf6b.jpg]
[bizweb.dktcdn.net/100/566/174/themes/1008318/assets/cate_7bf6b.jpg]
[bizweb.dktcdn.net/100/566/174/themes/1008318/assets/flashbf6b.png]
[bizweb.dktcdn.net/thumb/large/100/566/174/products/ao-khoac-blazer-co-v-alice15f47.jpg]
[bean-style.mysapo.net/san-pham-khuyen-mai.html]
[bizweb.dktcdn.net/thumb/large/100/566/174/products/ao-khoac-phoi-ren14ea3.jpg]
[bizweb.dktcdn.net/thumb/large/100/566/174/products/ao-khoac-gile-ladies-rayon4b5a7.jpg]
[bean-style.mysapo.net/san-pham-noi-bat.html]
[bizweb.dktcdn.net/thumb/large/100/566/174/products/ao-khoac-twill-dang-lung124a7.jpg]
[bizweb.dktcdn.net/thumb/large/100/566/174/products/ao-khoac-twill-dang-lung32700.jpg]
[bizweb.dktcdn.net/thumb/large/100/566/174/products/ao-khoac-twill-dang-lung5ffe9.jpg]
[bizweb.dktcdn.net/thumb/large/100/566/174/products/f5947fea-bbc0-4b9a-af68-c8182adcce38.jpg]
[bizweb.dktcdn.net/thumb/large/100/566/174/products/f5947fea-bbc0-4b9a-af68-c8182adc3ce38.jpg]
[bizweb.dktcdn.net/thumb/large/100/566/174/products/vay-2-day-dang-a-buoc-no-phoi-be2f15c.jpg]
[bizweb.dktcdn.net/thumb/large/100/566/174/products/chan-vay-xep-ly-kieu-tennis18e27.jpg]
[bizweb.dktcdn.net/thumb/large/100/566/174/products/chan-vay-xep-ly-kieu-tennis28e27.jpg]
[bizweb.dktcdn.net/thumb/large/100/566/174/products/chan-vay-xep-ly-kieu-tennis38e27.jpg]
[bizweb.dktcdn.net/thumb/large/100/566/174/products/ao-croptop-nu-2-day-ban19866.jpg]
[bizweb.dktcdn.net/thumb/large/100/566/174/products/ao-croptop-nu-2-day-ban29866.jpg]
[bizweb.dktcdn.net/thumb/large/100/566/174/products/ao-croptop-nu-2-day-ban39866.jpg]
[bizweb.dktcdn.net/thumb/large/100/566/174/products/ao-polo-theu-hinh-1406c.jpg]
[bizweb.dktcdn.net/thumb/large/100/566/174/products/ao-polo-basic-nu-tron18178.jpg]
[bizweb.dktcdn.net/100/566/174/themes/1008318/assets/img_4banner_1bf6b.jpg]
[bean-style.mysapo.net/san-pham-moi.html]
[bizweb.dktcdn.net/100/566/174/themes/1008318/assets/img_4banner_2bf6b.jpg]
[bizweb.dktcdn.net/thumb/large/100/566/174/products/dam-xeo-dinh-no3cd1.jpg]
[bean-style.mysapo.net/vay-dam.html]
[bizweb.dktcdn.net/thumb/large/100/566/174/products/dam-co-tron-canh-tien-1562d.jpg]
[bizweb.dktcdn.net/thumb/large/100/566/174/products/dam-co-somi-soc91b0.jpg]
[bizweb.dktcdn.net/thumb/large/100/566/174/products/dam-suong-dinh-hoafb15.jpg]
[bizweb.dktcdn.net/thumb/large/100/566/174/products/dam-suong-co-lech3e32.jpg]
[bizweb.dktcdn.net/thumb/large/100/566/174/products/dam-chu-a-co-cach-dieu12b1.jpg]
[bizweb.dktcdn.net/thumb/large/100/566/174/products/dam-chu-a-la-co-doi-1cc98.jpg]
[bizweb.dktcdn.net/thumb/large/100/566/174/products/dam-chu-a-la-co-doi-4cc98.jpg]
[bizweb.dktcdn.net/thumb/large/100/566/174/products/vay-babydoll-vien-ren-caro-23c51.jpg]
[bizweb.dktcdn.net/thumb/large/100/566/174/products/vay-babydoll-vien-ren-caro-13c51.jpg]
[bizweb.dktcdn.net/thumb/large/100/566/174/products/vay-babydoll-vien-ren-caro-36c17.jpg]
[bizweb.dktcdn.net/thumb/large/100/566/174/products/am-so-mi-theu-hoa-10c57.jpg]
[bizweb.dktcdn.net/thumb/large/100/566/174/products/am-so-mi-theu-hoa-42732.jpg]
[bizweb.dktcdn.net/thumb/large/100/566/174/products/dam-hoa-day-co-somi-18532.jpg]
[bean-style.mysapo.net/vay-dam-cong-so.html]
[bizweb.dktcdn.net/thumb/large/100/566/174/products/quan-dai-leo-nui-nu-trek-500-kak6163.jpg]
[bizweb.dktcdn.net/thumb/large/100/566/174/products/quan-dai-leo-nui-nu-trek-500-kak46163.jpg]
[bizweb.dktcdn.net/thumb/large/100/566/174/products/ao-khoac-long-vu-cho-nu-mt100f52b.jpg]
[bean-style.mysapo.net/vay-dam-the-thao.html]
[bizweb.dktcdn.net/thumb/large/100/566/174/products/quan-short-leo-nui-nu-thoai-maiebec.jpg]
[bizweb.dktcdn.net/thumb/large/100/566/174/products/quan-short-leo-nui-nu-thoai-mai4fee0.jpg]
[bizweb.dktcdn.net/thumb/large/100/566/174/products/giay-leo-nui-vung-cao-mh100-chona5fc.jpg]
[bizweb.dktcdn.net/thumb/large/100/566/174/products/giay-leo-nui-vung-cao-mh100-chon4a5fc.jpg]
[bizweb.dktcdn.net/thumb/large/100/566/174/products/gang-tay-trekking-giu-am-lot-n6ce9.jpg]
[sf16-website-login.neutral.ttwstatic.com/obj/tiktok_web_login_static/tiktok/falcon/embed/embed_v1.0.13.js]
[bizweb.dktcdn.net/100/566/174/themes/1008318/assets/image_ins_1bf6b.jpg]
[bizweb.dktcdn.net/100/566/174/themes/1008318/assets/image_ins_2bf6b.jpg]
[bizweb.dktcdn.net/100/566/174/themes/1008318/assets/image_ins_3bf6b.jpg]
[bizweb.dktcdn.net/100/566/174/themes/1008318/assets/image_ins_4bf6b.jpg]
[bizweb.dktcdn.net/100/566/174/themes/1008318/assets/image_ins_5bf6b.jpg]
[bizweb.dktcdn.net/100/566/174/themes/1008318/assets/image_ins_6bf6b.jpg]
[bean-style.mysapo.net/cdn-cgi/l/email-protection.5f.delayed]
[bean-style.mysapo.net/cdn-cgi/scripts/5c5dd728/cloudflare-static/email-decode.min.js]
[bean-style.mysapo.net/chinh-sach-thanh-vien.html]
[bean-style.mysapo.net/chinh-sach-thanh-toan.html]
[bean-style.mysapo.net/chinh-sach-doi-san-pham.html]
[bean-style.mysapo.net/chinh-sach-bao-mat.html]
[bean-style.mysapo.net/chinh-sach-cong-tac-vien.html]
[bean-style.mysapo.net/chinh-sach-bao-hanh.html]
[bean-style.mysapo.net/huong-dan-mua-hang.html]
[bean-style.mysapo.net/huong-dan-doi-tra.html]
[bean-style.mysapo.net/huong-dan-thanh-toan.html]
[bean-style.mysapo.net/chuong-trinh-cong-tac-vien.html]
[bean-style.mysapo.net/search.html]
[bizweb.dktcdn.net/100/566/174/themes/1008318/assets/qrzalobf6b.jpg]
[bizweb.dktcdn.net/100/566/174/themes/1008318/assets/ajaxcart.scssbf6b.css]
[bean-style.mysapo.net/cart.json]
[bizweb.dktcdn.net/thumb/compact/assets/themes_support/noimage.gif]
[bizweb.dktcdn.net/100/566/174/themes/1008318/assets/quickviewbf6b.js]
[bizweb.dktcdn.net/100/566/174/themes/1008318/assets/mainbf6b.js]
[bizweb.dktcdn.net/100/566/174/themes/1008318/assets/indexbf6b.js]
[bizweb.dktcdn.net/100/566/174/themes/1008318/assets/popup_bannerbf6b.jpg]
[bizweb.dktcdn.net/100/496/044/themes/927290/assets/vn1765.png]
[bizweb.dktcdn.net/100/496/044/themes/927290/assets/en1765.png]
[bean-style.mysapo.net/index.html]
[bizweb.dktcdn.net/100/566/174/themes/1008318/assets/jtuqjig1_i6t8kchkm459wxrxc7mw9c66d9.woff2]
[bizweb.dktcdn.net/100/566/174/themes/1008318/assets/fonts.scssbf6b.css]
[bean-style.mysapo.net/products/index.html]
[bizweb.dktcdn.net/100/566/174/themes/1008318/assets/ico-select66d9.png]
[bizweb.dktcdn.net/100/566/174/themes/1008318/assets/main.scssbf6b.css]
[bizweb.dktcdn.net/100/566/174/themes/1008318/assets/quotation66d9.png]
[bizweb.dktcdn.net/100/566/174/themes/1008318/assets/index.scssbf6b.css]
[bizweb.dktcdn.net/100/566/174/themes/1008318/assets/bootstrap-4-3-minbf6b.css]
[bizweb.dktcdn.net/100/566/174/themes/1008318/assets/quickviews_popup_cart.scssbf6b.css]
[bean-style.mysapo.net/s.html]
[bizweb.dktcdn.net/100/566/174/themes/1008318/assets/breadcrumb_style.scssbf6b.css]
[bizweb.dktcdn.net/100/566/174/themes/1008318/assets/collection_style.scssbf6b.css]
[bizweb.dktcdn.net/100/566/174/themes/1008318/assets/search_style.scssbf6b.css]
[bean-style.mysapo.net/search6499.html]
[bizweb.dktcdn.net/100/566/174/themes/1008318/assets/heartbf6b.png]
[bean-style.mysapo.net/search2ee1.html]
[bean-style.mysapo.net/chan-vay-xep-ly-tennis.html]
[bean-style.mysapo.net/vay-babydoll-vien-ren-caro.html]
[bean-style.mysapo.net/ao-det-kim-nu-sat-nach.html]
[bean-style.mysapo.net/dam-2-day-dang-a-buoc-no.html]
[bean-style.mysapo.net/ao-croptop-2-day-ban-to.html]
[bean-style.mysapo.net/dam-chu-a-co-cach-dieu.html]
[bean-style.mysapo.net/dam-chu-a-la-co-doi.html]
[bizweb.dktcdn.net/thumb/large/100/566/174/products/tay-ngan-in-chu-feel-it-atfm1e943.jpg]
[bizweb.dktcdn.net/thumb/large/100/566/174/products/tay-ngan-in-chu-feel-it-atfm3d352.jpg]
[bean-style.mysapo.net/ao-thun-in-chu-feel-it.html]
[bizweb.dktcdn.net/thumb/large/100/566/174/products/ao-thun-nu-croptop-co-tron-in-ch785f.jpg]
[bean-style.mysapo.net/ao-thun-nu-croptop-co-tron.html]
[bizweb.dktcdn.net/thumb/large/100/566/174/products/ao-thun-nu-croptop-co-tron-in-ch3785f.jpg]
[bizweb.dktcdn.net/thumb/large/100/566/174/products/ao-thun-nu-croptop-co-tron-in-ch5785f.jpg]
[bean-style.mysapo.net/ao-khoac-twill-dang-lung.html]
[bean-style.mysapo.net/ao-polo-nu-theu-hinh.html]
[bean-style.mysapo.net/dam-so-mi-theu-hoa.html]
[bean-style.mysapo.net/ao-polo-nu-basic-tron.html]
[bean-style.mysapo.net/searche316.html]
[bean-style.mysapo.net/search9f4f.html]
[bean-style.mysapo.net/searchc3e2.html]
[bean-style.mysapo.net/dam-xoe-dinh-no.html]
[bean-style.mysapo.net/dam-suong-dinh-hoa.html]
[bean-style.mysapo.net/dam-suong-co-lech.html]
[bean-style.mysapo.net/dam-co-tron-canh-tien.html]
[bean-style.mysapo.net/dam-hoa-day-co-somi.html]
[bean-style.mysapo.net/search4fa1.html]
[bean-style.mysapo.net/dam-chu-a-co-so-mi-soc.html]
[bean-style.mysapo.net/searchf3be.html]
[bean-style.mysapo.net/search6579.html]
[bizweb.dktcdn.net/thumb/large/100/566/174/products/ao-thun-couple-nam-nu-218ec.jpg]
[bizweb.dktcdn.net/thumb/large/100/566/174/products/ao-thun-couple-nam-nu-418ec.jpg]
[bean-style.mysapo.net/ao-thun-couple-nam-nu.html]
[bizweb.dktcdn.net/thumb/large/100/566/174/products/ao-thun-couple-nam-nu-318ec.jpg]
[bizweb.dktcdn.net/thumb/large/100/566/174/products/ao-thun-couple-nam-nu-58843.jpg]
[bizweb.dktcdn.net/thumb/large/100/566/174/products/ao-thun-couple-nam-nu-118ec.jpg]
[bizweb.dktcdn.net/thumb/large/100/566/174/products/ao-thun-nu-slimfit-tay-ngan77c6.jpg]
[bizweb.dktcdn.net/thumb/large/100/566/174/products/ao-thun-nu-slimfit-tay-ngan-21f86.jpg]
[bean-style.mysapo.net/ao-thun-nu-slimfit-tay-ngan.html]
[bizweb.dktcdn.net/thumb/large/100/566/174/products/ao-thun-nu-slimfit-tay-ngan-41f86.jpg]
[bizweb.dktcdn.net/thumb/large/100/566/174/products/ao-thun-nu-slimfit-tay-ngan-31f86.jpg]
[bean-style.mysapo.net/ao-khoac-long-vu-cho-nu.html]
[bean-style.mysapo.net/ao-khoac-blazer.html]
[bean-style.mysapo.net/ao-khoac-phoi-ren.html]
[bean-style.mysapo.net/ao-khoac-gile-ladies.html]
[bean-style.mysapo.net/quan-short-leo-nui-nu.html]
[bizweb.dktcdn.net/thumb/large/100/566/174/products/oversize-tay-ngan179cd.jpg]
[bizweb.dktcdn.net/thumb/large/100/566/174/products/oversize-tay-ngan379cd.jpg]
[bean-style.mysapo.net/ao-so-mi-oversize-tay-ngan.html]
[bizweb.dktcdn.net/thumb/large/100/566/174/products/oversize-tay-ngan579cd.jpg]
[bizweb.dktcdn.net/thumb/large/100/566/174/products/oversize-tay-ngan479cd.jpg]
[bizweb.dktcdn.net/thumb/large/100/566/174/products/ao-so-mi-2-tui-nap2f749.jpg]
[bizweb.dktcdn.net/thumb/large/100/566/174/products/ao-so-mi-2-tui-nap1f749.jpg]
[bean-style.mysapo.net/ao-so-mi-2-tui-nam.html]
[bizweb.dktcdn.net/thumb/large/100/566/174/products/ao-so-mi-2-tui-nap3f749.jpg]
[bean-style.mysapo.net/searcheaef.html]
[bean-style.mysapo.net/searchab42.html]
[bean-style.mysapo.net/searchc085.html]
[bean-style.mysapo.net/search4685.html]
[bean-style.mysapo.net/search68b4.html]
[bean-style.mysapo.net/gang-tay-trekking-giu-am-lot-ni.html]
[bean-style.mysapo.net/searchc8d6.html]
[bean-style.mysapo.net/searchfb9d.html]
[bean-style.mysapo.net/searchb949.html]
[bizweb.dktcdn.net/100/566/174/themes/1008318/assets/style_page.scssbf6b.css]
[bean-style.mysapo.net/he-thong-cua-hang.html]
[bizweb.dktcdn.net/100/566/174/themes/1008318/assets/tabletopbf6b.js]
[bizweb.dktcdn.net/100/566/174/themes/1008318/assets/account_oder_style.scssbf6b.css]
[bizweb.dktcdn.net/assets/themes_support/bizweb-api.js]
[bean-style.mysapo.net/quan-dai-leo-nui-nu.html]
[bizweb.dktcdn.net/assets/themes_support/common.js]
[bean-style.mysapo.net/account/login.html]
[bizweb.dktcdn.net/assets/themes_support/customer.js]
[www.google.com/recaptcha/apif78f.js]
[bean-style.mysapo.net/account/register.html]
[bean-style.mysapo.net/san-pham-yeu-thich.html]
[bizweb.dktcdn.net/100/566/174/themes/1008318/assets/cartpage.scssbf6b.css]
[bizweb.dktcdn.net/100/566/174/themes/1008318/assets/sweetalert-minbf6b.js]
[bean-style.mysapo.net/cart.html]
[bizweb.dktcdn.net/100/566/174/themes/1008318/assets/cookiebf6b.js]
[bizweb.dktcdn.net/100/566/174/themes/1008318/assets/bootstrap-datepickerbf6b.js]
[bizweb.dktcdn.net/100/566/174/themes/1008318/assets/bg_about_2bf6b.jpg]
[bizweb.dktcdn.net/100/566/174/themes/1008318/assets/about4_bannerbf6b.jpg]
[bizweb.dktcdn.net/100/566/174/themes/1008318/assets/about5_bannerbf6b.jpg]
[bean-style.mysapo.net/gioi-thieu.html]
[bean-style.mysapo.net/vay-dam-om.html]
[bean-style.mysapo.net/vay-dam-suong.html]
[bean-style.mysapo.net/vay-dam-maxi.html]
[bean-style.mysapo.net/vay-dam-so-mi-ngan.html]
[bean-style.mysapo.net/vay-dam-so-mi-dai.html]
[bean-style.mysapo.net/vay-dam-so-mi.html]
[bean-style.mysapo.net/vay-dam-so-mi-hoa-tiet.html]
[bean-style.mysapo.net/vay-dam-xoe.html]
[bean-style.mysapo.net/vay-dam-xoe-ngan.html]
[bean-style.mysapo.net/vay-dam-xoe-dai.html]
[bean-style.mysapo.net/vay-dam-xoe-hoa-tiet.html]
[bean-style.mysapo.net/vay-dam-nang-dong.html]
[bean-style.mysapo.net/vay-dam-thoang-khi.html]
[bean-style.mysapo.net/ao-so-mi.html]
[bean-style.mysapo.net/ao-so-mi-tay-ngan.html]
[bean-style.mysapo.net/ao-so-mi-tron.html]
[bean-style.mysapo.net/ao-so-mi-tay-dai.html]
[bean-style.mysapo.net/ao-so-mi-hoa-tiet.html]
[bean-style.mysapo.net/ao-thun.html]
[bean-style.mysapo.net/ao-thun-co-tron.html]
[bean-style.mysapo.net/ao-thun-co-dung.html]
[bean-style.mysapo.net/ao-thun-nam.html]
[bean-style.mysapo.net/quan-dai.html]
[bean-style.mysapo.net/quan-ong-suong.html]
[bean-style.mysapo.net/quan-ong-rong.html]
[bean-style.mysapo.net/quan-ong-dung.html]
[bean-style.mysapo.net/chan-vay.html]
[bean-style.mysapo.net/chan-vay-xoe.html]
[bean-style.mysapo.net/chan-vay-but-chi.html]
[bean-style.mysapo.net/chan-vay-xep-ly.html]
[bean-style.mysapo.net/ao-khoac.html]
[bean-style.mysapo.net/ao-chong-nang.html]
[bean-style.mysapo.net/ao-long-vu.html]
[bean-style.mysapo.net/ao-mang-to.html]
[bean-style.mysapo.net/quan-nam.html]
[bean-style.mysapo.net/quan-short.html]
[bean-style.mysapo.net/quan-jean-nam.html]
[bean-style.mysapo.net/quan-kaki-nam.html]
[bean-style.mysapo.net/phu-kien.html]
[bean-style.mysapo.net/mat-kinh.html]
[bean-style.mysapo.net/tui-xach.html]
[bizweb.dktcdn.net/100/566/174/themes/1008318/assets/bg_collectionsbf6b.jpg]
[bean-style.mysapo.net/mu-non.html]
[bizweb.dktcdn.net/thumb/large/100/566/174/products/ao-polo-nu-basic-phoi-1c1c1.jpg]
[bean-style.mysapo.net/ao-len-luoi-croptop-co-tron.html]
[bizweb.dktcdn.net/thumb/large/100/566/174/products/ao-polo-nu-basic-phoi-2c1c1.jpg]
[bean-style.mysapo.net/ao-polo-mau-tay-va-co.html]
[bizweb.dktcdn.net/thumb/large/100/566/174/products/ao-polo-nu-basic-phoi-3c1c1.jpg]
[bizweb.dktcdn.net/thumb/large/100/566/174/products/ao-polo-nu-basic-phoi-4c1c1.jpg]
[bizweb.dktcdn.net/100/566/174/files/dam-dang-xoe4a27.jpg]
[bizweb.dktcdn.net/100/566/174/files/dam-maxi-daa43f5e2c984192b41b78f9862.jpg]
[bizweb.dktcdn.net/100/566/174/themes/1008318/assets/sortdownbf6b.png]
[bizweb.dktcdn.net/100/566/174/themes/1008318/assets/jquery-ui-min.scssbf6b.css]
[bizweb.dktcdn.net/100/566/174/themes/1008318/assets/jquery-ui-minbf6b.js]
[cdnjs.cloudflare.com/ajax/libs/jqueryui-touch-punch/0.2.3/jquery.ui.touch-punch.min.js]
[bean-style.mysapo.net/collections/all.html]
[bizweb.dktcdn.net/100/566/174/themes/1008318/assets/search_filterbf6b.js]
[bizweb.dktcdn.net/100/566/174/themes/1008318/assets/colbf6b.js]
[bean-style.mysapo.net/combo-mix-match-1.html]
[bean-style.mysapo.net/combo-mix-match-2.html]
[bean-style.mysapo.net/combo-mix-match-3.html]
[bean-style.mysapo.net/combo-mix-match-4.html]
[bean-style.mysapo.net/combo-mix-match-5.html]
[bean-style.mysapo.net/combo-mix-match-6.html]
[bean-style.mysapo.net/combo-mix-match-7.html]
[bean-style.mysapo.net/mix-match.html]
[bean-style.mysapo.net/cau-hoi-thuong-gap.html]
[bean-style.mysapo.net/pre-order.html]
[bean-style.mysapo.net/combo-mix-match-8.html]
[bizweb.dktcdn.net/100/566/174/themes/1008318/assets/blog_article_style.scssbf6b.css]
[bizweb.dktcdn.net/100/566/174/themes/1008318/assets/sidebar_style.scssbf6b.css]
[bean-style.mysapo.net/feedback.html]
[bean-style.mysapo.net/feedback4658.html]
[bean-style.mysapo.net/ao-khoac-cong-so-nu-ghi-diem-phong-cach-tai-noi-lam-viec.html]
[bean-style.mysapo.net/cac-kieu-vay-dam-di-dam-cuoi-dep-nhat-cho-nang-noi-bat.html]
[bean-style.mysapo.net/tips-phoi-do-voi-quan-jean-ong-rong-tre-trung-cuon-hut-moi-dip.html]
[bean-style.mysapo.net/phu-nu-hien-dai-hay-mac-vest-trong-5-dip-nay.html]
[bean-style.mysapo.net/tips-phoi-do-voi-chan-vay-xoe-dang-dai-xinh-lung-linh.html]
[bean-style.mysapo.net/goi-y-mix-match-chan-vay-cong-so-mua-he.html]
[bean-style.mysapo.net/tin-tuc.html]
[bean-style.mysapo.net/lien-he.html]
[bizweb.dktcdn.net/100/566/174/themes/1008318/assets/contact_style.scssbf6b.css]
[bean-style.mysapo.net/tin-tuc4658.html]
[bizweb.dktcdn.net/100/566/174/themes/1008318/assets/style_page_khuyen_mai.scssbf6b.css]
[bizweb.dktcdn.net/100/566/174/themes/1008318/assets/km_product_imgbf6b.jpg]
[bizweb.dktcdn.net/100/566/174/themes/1008318/assets/icon_1_allprokmbf6b.jpg]
[bizweb.dktcdn.net/100/566/174/themes/1008318/assets/icon_2_allprokmbf6b.png]
[bizweb.dktcdn.net/100/566/174/themes/1008318/assets/icon_1_allprokm2bf6b.jpg]
[bizweb.dktcdn.net/100/566/174/themes/1008318/assets/icon_2_allprokm2bf6b.jpg]
[bean-style.mysapo.net/khuyen-mai-hot.html]
[bean-style.mysapo.net/san-pham-khuyen-mai.html]
[bean-style.mysapo.net/san-pham-noi-bat.html]
[bizweb.dktcdn.net/thumb/large/100/566/174/products/ao-polo-khoa-keo-rut-day100f5.jpg]
[bean-style.mysapo.net/giay-leo-nui-chong-tham-cho-nam.html]
[bizweb.dktcdn.net/thumb/large/100/566/174/products/ao-polo-khoa-keo-rut-day300f5.jpg]
[bizweb.dktcdn.net/thumb/large/100/566/174/products/ao-polo-khoa-keo-rut-day200f5.jpg]
[bean-style.mysapo.net/ao-polo-khoa-keo-rut-day.html]
[bizweb.dktcdn.net/thumb/large/100/566/174/products/ao-polo-khoa-keo-rut-day400f5.jpg]
[bean-style.mysapo.net/san-pham-moi.html]
[bean-style.mysapo.net/vay-dam.html]
[bean-style.mysapo.net/vay-dam-cong-so.html]
[bean-style.mysapo.net/vay-dam-the-thao.html]
[bean-style.mysapo.net/cdn-cgi/l/email-protection.html]
[bean-style.mysapo.net/chinh-sach-thanh-vien.html]
[bean-style.mysapo.net/chinh-sach-thanh-toan.html]
[bean-style.mysapo.net/chinh-sach-doi-san-pham.html]
[bean-style.mysapo.net/chinh-sach-bao-mat.html]
[bean-style.mysapo.net/chinh-sach-cong-tac-vien.html]
[bean-style.mysapo.net/chinh-sach-bao-hanh.html]
[bean-style.mysapo.net/huong-dan-mua-hang.html]
[bean-style.mysapo.net/huong-dan-doi-tra.html]
[bean-style.mysapo.net/huong-dan-thanh-toan.html]
[bean-style.mysapo.net/chuong-trinh-cong-tac-vien.html]
[bean-style.mysapo.net/searchcac6.html]
[bean-style.mysapo.net/search.html]
[bizweb.dktcdn.net/100/566/174/themes/1008318/assets/ajaxcart.scssbf6b.css]
[bean-style.mysapo.net/products/index.html]
[bizweb.dktcdn.net/100/566/174/themes/1008318/assets/rem_cart66d9.svg]
[bizweb.dktcdn.net/100/566/174/themes/1008318/assets/breadcrumb_style.scssbf6b.css]
[bizweb.dktcdn.net/100/566/174/themes/1008318/assets/collection_style.scssbf6b.css]
[bizweb.dktcdn.net/100/566/174/themes/1008318/assets/search_style.scssbf6b.css]
[bean-style.mysapo.net/search6499.html]
[bizweb.dktcdn.net/100/566/174/themes/1008318/assets/check-white.svg]
[bean-style.mysapo.net/searchd540.html]
[bean-style.mysapo.net/chi-hai-yen-nhan-vien-van-phong.html]
[bean-style.mysapo.net/chi-trang-trang-nhan-vien-van-phong.html]
[bean-style.mysapo.net/chi-hong-diep-nha-sang-tao-noi-dung.html]
[bean-style.mysapo.net/chi-my-my-giao-vien-mam-non.html]
[bean-style.mysapo.net/search2ee1.html]
[bean-style.mysapo.net/9-cach-dien-ao-so-mi-ke-cua-gai-han-khien-ban-muon-mac-moi-ngay.html]
[bizweb.dktcdn.net/thumb/grande/100/566/174/products/chan-vay-xep-ly-kieu-tennis18e27.jpg]
[bizweb.dktcdn.net/thumb/grande/100/566/174/products/chan-vay-xep-ly-kieu-tennis28e27.jpg]
[bizweb.dktcdn.net/thumb/grande/100/566/174/products/chan-vay-xep-ly-kieu-tennis38e27.jpg]
[bizweb.dktcdn.net/100/566/174/themes/1008318/assets/product_style.scssbf6b.css]
[bizweb.dktcdn.net/thumb/1024x1024/100/566/174/products/chan-vay-xep-ly-kieu-tennis18e27.jpg]
[bizweb.dktcdn.net/100/566/174/products/chan-vay-xep-ly-kieu-tennis18e27.jpg]
[bizweb.dktcdn.net/thumb/1024x1024/100/566/174/products/chan-vay-xep-ly-kieu-tennis28e27.jpg]
[bizweb.dktcdn.net/100/566/174/products/chan-vay-xep-ly-kieu-tennis28e27.jpg]
[bizweb.dktcdn.net/thumb/1024x1024/100/566/174/products/chan-vay-xep-ly-kieu-tennis38e27.jpg]
[bizweb.dktcdn.net/100/566/174/products/chan-vay-xep-ly-kieu-tennis38e27.jpg]
[bizweb.dktcdn.net/thumb/medium/100/566/174/products/chan-vay-xep-ly-kieu-tennis18e27.jpg]
[bizweb.dktcdn.net/thumb/medium/100/566/174/products/chan-vay-xep-ly-kieu-tennis28e27.jpg]
[bizweb.dktcdn.net/thumb/medium/100/566/174/products/chan-vay-xep-ly-kieu-tennis38e27.jpg]
[bizweb.dktcdn.net/100/566/174/themes/1008318/assets/gift_new_probf6b.png]
[bizweb.dktcdn.net/100/566/174/themes/1008318/assets/km_product_1bf6b.png]
[bizweb.dktcdn.net/100/566/174/themes/1008318/assets/km_product_2bf6b.png]
[bizweb.dktcdn.net/100/566/174/themes/1008318/assets/km_product_3bf6b.png]
[bizweb.dktcdn.net/100/566/174/themes/1008318/assets/icon-sizebf6b.png]
[bizweb.dktcdn.net/100/566/174/themes/1008318/assets/soldoutbf6b.png]
[bizweb.dktcdn.net/100/566/174/files/img-chon-size-f4e9cc6f-d86d-40b0-bbac-2c6d2eda94bbea94.jpg]
[bizweb.dktcdn.net/100/566/174/themes/1008318/assets/bpr-products-modulebf6b.css]
[bean-style.mysapo.net/chan-vay-xep-ly-tennis.html]
[bizweb.dktcdn.net/100/566/174/themes/1008318/assets/picbox.scssbf6b.css]
[bizweb.dktcdn.net/thumb/grande/100/566/174/products/vay-babydoll-vien-ren-caro-23c51.jpg]
[bizweb.dktcdn.net/thumb/grande/100/566/174/products/vay-babydoll-vien-ren-caro-13c51.jpg]
[bizweb.dktcdn.net/100/566/174/themes/1008318/assets/picboxbf6b.js]
[bizweb.dktcdn.net/thumb/grande/100/566/174/products/vay-babydoll-vien-ren-caro-36c17.jpg]
[bizweb.dktcdn.net/thumb/1024x1024/100/566/174/products/vay-babydoll-vien-ren-caro-23c51.jpg]
[bizweb.dktcdn.net/100/566/174/products/vay-babydoll-vien-ren-caro-23c51.jpg]
[bizweb.dktcdn.net/thumb/1024x1024/100/566/174/products/vay-babydoll-vien-ren-caro-13c51.jpg]
[bizweb.dktcdn.net/100/566/174/products/vay-babydoll-vien-ren-caro-13c51.jpg]
[bizweb.dktcdn.net/thumb/1024x1024/100/566/174/products/vay-babydoll-vien-ren-caro-36c17.jpg]
[bizweb.dktcdn.net/100/566/174/products/vay-babydoll-vien-ren-caro-36c17.jpg]
[bizweb.dktcdn.net/thumb/medium/100/566/174/products/vay-babydoll-vien-ren-caro-23c51.jpg]
[bizweb.dktcdn.net/thumb/medium/100/566/174/products/vay-babydoll-vien-ren-caro-13c51.jpg]
[bizweb.dktcdn.net/thumb/medium/100/566/174/products/vay-babydoll-vien-ren-caro-36c17.jpg]
[bean-style.mysapo.net/vay-babydoll-vien-ren-caro.html]
[bizweb.dktcdn.net/thumb/grande/100/566/174/products/f5947fea-bbc0-4b9a-af68-c8182adcce38.jpg]
[bizweb.dktcdn.net/thumb/grande/100/566/174/products/f5947fea-bbc0-4b9a-af68-c8182adc2ce38.jpg]
[bizweb.dktcdn.net/thumb/grande/100/566/174/products/f5947fea-bbc0-4b9a-af68-c8182adc3ce38.jpg]
[bizweb.dktcdn.net/thumb/1024x1024/100/566/174/products/f5947fea-bbc0-4b9a-af68-c8182adcce38.jpg]
[bizweb.dktcdn.net/100/566/174/products/f5947fea-bbc0-4b9a-af68-c8182adcce38.jpg]
[bizweb.dktcdn.net/thumb/1024x1024/100/566/174/products/f5947fea-bbc0-4b9a-af68-c8182adc2ce38.jpg]
[bizweb.dktcdn.net/100/566/174/products/f5947fea-bbc0-4b9a-af68-c8182adc2ce38.jpg]
[bizweb.dktcdn.net/thumb/1024x1024/100/566/174/products/f5947fea-bbc0-4b9a-af68-c8182adc3ce38.jpg]
[bizweb.dktcdn.net/100/566/174/products/f5947fea-bbc0-4b9a-af68-c8182adc3ce38.jpg]
[bizweb.dktcdn.net/thumb/1024x1024/100/566/174/products/f5947fea-bbc0-4b9a-af68-c8182adc4ce38.jpg]
[bizweb.dktcdn.net/100/566/174/products/f5947fea-bbc0-4b9a-af68-c8182adc4ce38.jpg]
[bizweb.dktcdn.net/thumb/medium/100/566/174/products/f5947fea-bbc0-4b9a-af68-c8182adcce38.jpg]
[bizweb.dktcdn.net/thumb/medium/100/566/174/products/f5947fea-bbc0-4b9a-af68-c8182adc2ce38.jpg]
[bizweb.dktcdn.net/thumb/medium/100/566/174/products/f5947fea-bbc0-4b9a-af68-c8182adc3ce38.jpg]
[bizweb.dktcdn.net/thumb/medium/100/566/174/products/f5947fea-bbc0-4b9a-af68-c8182adc4ce38.jpg]
[bean-style.mysapo.net/ao-det-kim-nu-sat-nach.html]
[bizweb.dktcdn.net/thumb/grande/100/566/174/products/vay-2-day-dang-a-buoc-no-phoi-be2f15c.jpg]
[bizweb.dktcdn.net/thumb/grande/100/566/174/products/vay-2-day-dang-a-buoc-no-phoi-be3f15c.jpg]
[bizweb.dktcdn.net/thumb/grande/100/566/174/products/vay-2-day-dang-a-buoc-no-phoi-be4f15c.jpg]
[bizweb.dktcdn.net/thumb/1024x1024/100/566/174/products/vay-2-day-dang-a-buoc-no-phoi-be2f15c.jpg]
[bizweb.dktcdn.net/100/566/174/products/vay-2-day-dang-a-buoc-no-phoi-be2f15c.jpg]
[bizweb.dktcdn.net/thumb/1024x1024/100/566/174/products/vay-2-day-dang-a-buoc-no-phoi-be3f15c.jpg]
[bizweb.dktcdn.net/100/566/174/products/vay-2-day-dang-a-buoc-no-phoi-be3f15c.jpg]
[bizweb.dktcdn.net/thumb/1024x1024/100/566/174/products/vay-2-day-dang-a-buoc-no-phoi-be4f15c.jpg]
[bizweb.dktcdn.net/100/566/174/products/vay-2-day-dang-a-buoc-no-phoi-be4f15c.jpg]
[bizweb.dktcdn.net/thumb/medium/100/566/174/products/vay-2-day-dang-a-buoc-no-phoi-be2f15c.jpg]
[bizweb.dktcdn.net/thumb/medium/100/566/174/products/vay-2-day-dang-a-buoc-no-phoi-be3f15c.jpg]
[bizweb.dktcdn.net/thumb/medium/100/566/174/products/vay-2-day-dang-a-buoc-no-phoi-be4f15c.jpg]
[bean-style.mysapo.net/dam-2-day-dang-a-buoc-no.html]
[bizweb.dktcdn.net/thumb/grande/100/566/174/products/ao-croptop-nu-2-day-ban19866.jpg]
[bizweb.dktcdn.net/thumb/grande/100/566/174/products/ao-croptop-nu-2-day-ban29866.jpg]
[bizweb.dktcdn.net/thumb/grande/100/566/174/products/ao-croptop-nu-2-day-ban39866.jpg]
[bizweb.dktcdn.net/thumb/1024x1024/100/566/174/products/ao-croptop-nu-2-day-ban19866.jpg]
[bizweb.dktcdn.net/100/566/174/products/ao-croptop-nu-2-day-ban19866.jpg]
[bizweb.dktcdn.net/thumb/1024x1024/100/566/174/products/ao-croptop-nu-2-day-ban29866.jpg]
[bizweb.dktcdn.net/100/566/174/products/ao-croptop-nu-2-day-ban29866.jpg]
[bizweb.dktcdn.net/thumb/1024x1024/100/566/174/products/ao-croptop-nu-2-day-ban39866.jpg]
[bizweb.dktcdn.net/100/566/174/products/ao-croptop-nu-2-day-ban39866.jpg]
[bizweb.dktcdn.net/thumb/medium/100/566/174/products/ao-croptop-nu-2-day-ban19866.jpg]
[bizweb.dktcdn.net/thumb/medium/100/566/174/products/ao-croptop-nu-2-day-ban29866.jpg]
[bizweb.dktcdn.net/thumb/medium/100/566/174/products/ao-croptop-nu-2-day-ban39866.jpg]
[bean-style.mysapo.net/ao-croptop-2-day-ban-to.html]
[bizweb.dktcdn.net/thumb/grande/100/566/174/products/dam-chu-a-co-cach-dieu12b1.jpg]
[bizweb.dktcdn.net/thumb/grande/100/566/174/products/dam-chu-a-co-cach-dieu-212b1.jpg]
[bizweb.dktcdn.net/thumb/grande/100/566/174/products/dam-chu-a-co-cach-dieu-312b1.jpg]
[bizweb.dktcdn.net/thumb/1024x1024/100/566/174/products/dam-chu-a-co-cach-dieu12b1.jpg]
[bizweb.dktcdn.net/100/566/174/products/dam-chu-a-co-cach-dieu12b1.jpg]
[bizweb.dktcdn.net/thumb/1024x1024/100/566/174/products/dam-chu-a-co-cach-dieu-212b1.jpg]
[bizweb.dktcdn.net/100/566/174/products/dam-chu-a-co-cach-dieu-212b1.jpg]
[bizweb.dktcdn.net/thumb/1024x1024/100/566/174/products/dam-chu-a-co-cach-dieu-312b1.jpg]
[bizweb.dktcdn.net/100/566/174/products/dam-chu-a-co-cach-dieu-312b1.jpg]
[bizweb.dktcdn.net/thumb/1024x1024/100/566/174/products/dam-chu-a-co-cach-dieu-412b1.jpg]
[bizweb.dktcdn.net/100/566/174/products/dam-chu-a-co-cach-dieu-412b1.jpg]
[bizweb.dktcdn.net/thumb/medium/100/566/174/products/dam-chu-a-co-cach-dieu12b1.jpg]
[bizweb.dktcdn.net/thumb/medium/100/566/174/products/dam-chu-a-co-cach-dieu-212b1.jpg]
[bizweb.dktcdn.net/thumb/medium/100/566/174/products/dam-chu-a-co-cach-dieu-312b1.jpg]
[bizweb.dktcdn.net/thumb/medium/100/566/174/products/dam-chu-a-co-cach-dieu-412b1.jpg]
[bean-style.mysapo.net/dam-chu-a-co-cach-dieu.html]
[bizweb.dktcdn.net/thumb/grande/100/566/174/products/dam-chu-a-la-co-doi-1cc98.jpg]
[bizweb.dktcdn.net/thumb/grande/100/566/174/products/dam-chu-a-la-co-doi-4cc98.jpg]
[bizweb.dktcdn.net/thumb/grande/100/566/174/products/dam-chu-a-la-co-doi-2cc98.jpg]
[bizweb.dktcdn.net/thumb/1024x1024/100/566/174/products/dam-chu-a-la-co-doi-1cc98.jpg]
[bizweb.dktcdn.net/100/566/174/products/dam-chu-a-la-co-doi-1cc98.jpg]
[bizweb.dktcdn.net/thumb/1024x1024/100/566/174/products/dam-chu-a-la-co-doi-4cc98.jpg]
[bizweb.dktcdn.net/100/566/174/products/dam-chu-a-la-co-doi-4cc98.jpg]
[bizweb.dktcdn.net/thumb/1024x1024/100/566/174/products/dam-chu-a-la-co-doi-2cc98.jpg]
[bizweb.dktcdn.net/100/566/174/products/dam-chu-a-la-co-doi-2cc98.jpg]
[bizweb.dktcdn.net/thumb/1024x1024/100/566/174/products/dam-chu-a-la-co-doi-3cc98.jpg]
[bizweb.dktcdn.net/100/566/174/products/dam-chu-a-la-co-doi-3cc98.jpg]
[bizweb.dktcdn.net/thumb/1024x1024/100/566/174/products/dam-chu-a-la-co-doi-5cc98.jpg]
[bizweb.dktcdn.net/100/566/174/products/dam-chu-a-la-co-doi-5cc98.jpg]
[bizweb.dktcdn.net/thumb/medium/100/566/174/products/dam-chu-a-la-co-doi-1cc98.jpg]
[bizweb.dktcdn.net/thumb/medium/100/566/174/products/dam-chu-a-la-co-doi-4cc98.jpg]
[bizweb.dktcdn.net/thumb/medium/100/566/174/products/dam-chu-a-la-co-doi-2cc98.jpg]
[bizweb.dktcdn.net/thumb/medium/100/566/174/products/dam-chu-a-la-co-doi-3cc98.jpg]
[bizweb.dktcdn.net/thumb/medium/100/566/174/products/dam-chu-a-la-co-doi-5cc98.jpg]
[bean-style.mysapo.net/dam-chu-a-la-co-doi.html]
[bizweb.dktcdn.net/thumb/grande/100/566/174/products/tay-ngan-in-chu-feel-it-atfm2e943.jpg]
[bizweb.dktcdn.net/thumb/grande/100/566/174/products/tay-ngan-in-chu-feel-it-atfm2ae943.jpg]
[bizweb.dktcdn.net/thumb/grande/100/566/174/products/tay-ngan-in-chu-feel-it-atfm1e943.jpg]
[bizweb.dktcdn.net/thumb/1024x1024/100/566/174/products/tay-ngan-in-chu-feel-it-atfm2e943.jpg]
[bizweb.dktcdn.net/100/566/174/products/tay-ngan-in-chu-feel-it-atfm2e943.jpg]
[bizweb.dktcdn.net/thumb/1024x1024/100/566/174/products/tay-ngan-in-chu-feel-it-atfm2ae943.jpg]
[bizweb.dktcdn.net/100/566/174/products/tay-ngan-in-chu-feel-it-atfm2ae943.jpg]
[bizweb.dktcdn.net/thumb/1024x1024/100/566/174/products/tay-ngan-in-chu-feel-it-atfm1e943.jpg]
[bizweb.dktcdn.net/100/566/174/products/tay-ngan-in-chu-feel-it-atfm1e943.jpg]
[bizweb.dktcdn.net/thumb/1024x1024/100/566/174/products/tay-ngan-in-chu-feel-it-atfm1ae943.jpg]
[bizweb.dktcdn.net/100/566/174/products/tay-ngan-in-chu-feel-it-atfm1ae943.jpg]
[bizweb.dktcdn.net/thumb/1024x1024/100/566/174/products/tay-ngan-in-chu-feel-it-atfm3d352.jpg]
[bizweb.dktcdn.net/100/566/174/products/tay-ngan-in-chu-feel-it-atfm3d352.jpg]
[bizweb.dktcdn.net/thumb/1024x1024/100/566/174/products/tay-ngan-in-chu-feel-it-atfm3ad352.jpg]
[bizweb.dktcdn.net/100/566/174/products/tay-ngan-in-chu-feel-it-atfm3ad352.jpg]
[bizweb.dktcdn.net/thumb/medium/100/566/174/products/tay-ngan-in-chu-feel-it-atfm2e943.jpg]
[bizweb.dktcdn.net/thumb/medium/100/566/174/products/tay-ngan-in-chu-feel-it-atfm2ae943.jpg]
[bizweb.dktcdn.net/thumb/medium/100/566/174/products/tay-ngan-in-chu-feel-it-atfm1e943.jpg]
[bizweb.dktcdn.net/thumb/medium/100/566/174/products/tay-ngan-in-chu-feel-it-atfm1ae943.jpg]
[bizweb.dktcdn.net/thumb/medium/100/566/174/products/tay-ngan-in-chu-feel-it-atfm3d352.jpg]
[bizweb.dktcdn.net/thumb/medium/100/566/174/products/tay-ngan-in-chu-feel-it-atfm3ad352.jpg]
[bean-style.mysapo.net/ao-thun-in-chu-feel-it.html]
[bizweb.dktcdn.net/thumb/grande/100/566/174/products/ao-thun-nu-croptop-co-tron-in-ch785f.jpg]
[bizweb.dktcdn.net/thumb/grande/100/566/174/products/ao-thun-nu-croptop-co-tron-in-ch2785f.jpg]
[bizweb.dktcdn.net/thumb/grande/100/566/174/products/ao-thun-nu-croptop-co-tron-in-ch3785f.jpg]
[bizweb.dktcdn.net/thumb/1024x1024/100/566/174/products/ao-thun-nu-croptop-co-tron-in-ch785f.jpg]
[bizweb.dktcdn.net/100/566/174/products/ao-thun-nu-croptop-co-tron-in-ch785f.jpg]
[bizweb.dktcdn.net/thumb/1024x1024/100/566/174/products/ao-thun-nu-croptop-co-tron-in-ch2785f.jpg]
[bizweb.dktcdn.net/100/566/174/products/ao-thun-nu-croptop-co-tron-in-ch2785f.jpg]
[bizweb.dktcdn.net/thumb/1024x1024/100/566/174/products/ao-thun-nu-croptop-co-tron-in-ch3785f.jpg]
[bizweb.dktcdn.net/100/566/174/products/ao-thun-nu-croptop-co-tron-in-ch3785f.jpg]
[bizweb.dktcdn.net/thumb/1024x1024/100/566/174/products/ao-thun-nu-croptop-co-tron-in-ch4785f.jpg]
[bizweb.dktcdn.net/100/566/174/products/ao-thun-nu-croptop-co-tron-in-ch4785f.jpg]
[bizweb.dktcdn.net/thumb/1024x1024/100/566/174/products/ao-thun-nu-croptop-co-tron-in-ch5785f.jpg]
[bizweb.dktcdn.net/100/566/174/products/ao-thun-nu-croptop-co-tron-in-ch5785f.jpg]
[bizweb.dktcdn.net/thumb/1024x1024/100/566/174/products/ao-thun-nu-croptop-co-tron-in-ch6785f.jpg]
[bizweb.dktcdn.net/100/566/174/products/ao-thun-nu-croptop-co-tron-in-ch6785f.jpg]
[bizweb.dktcdn.net/thumb/medium/100/566/174/products/ao-thun-nu-croptop-co-tron-in-ch785f.jpg]
[bizweb.dktcdn.net/thumb/medium/100/566/174/products/ao-thun-nu-croptop-co-tron-in-ch2785f.jpg]
[bizweb.dktcdn.net/thumb/medium/100/566/174/products/ao-thun-nu-croptop-co-tron-in-ch3785f.jpg]
[bizweb.dktcdn.net/thumb/medium/100/566/174/products/ao-thun-nu-croptop-co-tron-in-ch4785f.jpg]
[bizweb.dktcdn.net/thumb/medium/100/566/174/products/ao-thun-nu-croptop-co-tron-in-ch5785f.jpg]
[bizweb.dktcdn.net/thumb/medium/100/566/174/products/ao-thun-nu-croptop-co-tron-in-ch6785f.jpg]
[bean-style.mysapo.net/ao-thun-nu-croptop-co-tron.html]
[bizweb.dktcdn.net/thumb/grande/100/566/174/products/ao-khoac-twill-dang-lung124a7.jpg]
[bizweb.dktcdn.net/thumb/grande/100/566/174/products/ao-khoac-twill-dang-lung2c48b.jpg]
[bizweb.dktcdn.net/thumb/grande/100/566/174/products/ao-khoac-twill-dang-lung32700.jpg]
[bizweb.dktcdn.net/thumb/1024x1024/100/566/174/products/ao-khoac-twill-dang-lung124a7.jpg]
[bizweb.dktcdn.net/100/566/174/products/ao-khoac-twill-dang-lung124a7.jpg]
[bizweb.dktcdn.net/thumb/1024x1024/100/566/174/products/ao-khoac-twill-dang-lung2c48b.jpg]
[bizweb.dktcdn.net/100/566/174/products/ao-khoac-twill-dang-lung2c48b.jpg]
[bizweb.dktcdn.net/thumb/1024x1024/100/566/174/products/ao-khoac-twill-dang-lung32700.jpg]
[bizweb.dktcdn.net/100/566/174/products/ao-khoac-twill-dang-lung32700.jpg]
[bizweb.dktcdn.net/thumb/1024x1024/100/566/174/products/ao-khoac-twill-dang-lung4f234.jpg]
[bizweb.dktcdn.net/100/566/174/products/ao-khoac-twill-dang-lung4f234.jpg]
[bizweb.dktcdn.net/thumb/1024x1024/100/566/174/products/ao-khoac-twill-dang-lung5ffe9.jpg]
[bizweb.dktcdn.net/100/566/174/products/ao-khoac-twill-dang-lung5ffe9.jpg]
[bizweb.dktcdn.net/thumb/1024x1024/100/566/174/products/ao-khoac-twill-dang-lung69e32.jpg]
[bizweb.dktcdn.net/100/566/174/products/ao-khoac-twill-dang-lung69e32.jpg]
[bizweb.dktcdn.net/100/566/174/themes/1008318/assets/icon_youtubebf6b.png]
[bizweb.dktcdn.net/thumb/medium/100/566/174/products/ao-khoac-twill-dang-lung124a7.jpg]
[bizweb.dktcdn.net/thumb/medium/100/566/174/products/ao-khoac-twill-dang-lung2c48b.jpg]
[bizweb.dktcdn.net/thumb/medium/100/566/174/products/ao-khoac-twill-dang-lung32700.jpg]
[bizweb.dktcdn.net/thumb/medium/100/566/174/products/ao-khoac-twill-dang-lung4f234.jpg]
[bizweb.dktcdn.net/thumb/medium/100/566/174/products/ao-khoac-twill-dang-lung5ffe9.jpg]
[bizweb.dktcdn.net/thumb/medium/100/566/174/products/ao-khoac-twill-dang-lung69e32.jpg]
[bizweb.dktcdn.net/100/566/174/products/ao-thun-nu-slimfit-tay-ngan77c6.jpg]
[bizweb.dktcdn.net/100/566/174/products/gang-tay-trekking-giu-am-lot-n6ce9.jpg]
[bizweb.dktcdn.net/100/566/174/products/am-so-mi-theu-hoa-42732.jpg]
[bizweb.dktcdn.net/100/566/174/products/am-so-mi-theu-hoa-22732.jpg]
[bean-style.mysapo.net/ao-khoac-twill-dang-lung.html]
[bizweb.dktcdn.net/thumb/grande/100/566/174/products/am-so-mi-theu-hoa-10c57.jpg]
[bizweb.dktcdn.net/thumb/grande/100/566/174/products/am-so-mi-theu-hoa-42732.jpg]
[bizweb.dktcdn.net/thumb/grande/100/566/174/products/am-so-mi-theu-hoa-22732.jpg]
[bizweb.dktcdn.net/thumb/1024x1024/100/566/174/products/am-so-mi-theu-hoa-10c57.jpg]
[bizweb.dktcdn.net/100/566/174/products/am-so-mi-theu-hoa-10c57.jpg]
[bizweb.dktcdn.net/thumb/1024x1024/100/566/174/products/am-so-mi-theu-hoa-42732.jpg]
[bizweb.dktcdn.net/thumb/1024x1024/100/566/174/products/am-so-mi-theu-hoa-22732.jpg]
[bizweb.dktcdn.net/thumb/1024x1024/100/566/174/products/am-so-mi-theu-hoa-32732.jpg]
[bizweb.dktcdn.net/100/566/174/products/am-so-mi-theu-hoa-32732.jpg]
[bizweb.dktcdn.net/thumb/1024x1024/100/566/174/products/am-so-mi-theu-hoa-50c57.jpg]
[bizweb.dktcdn.net/100/566/174/products/am-so-mi-theu-hoa-50c57.jpg]
[bizweb.dktcdn.net/thumb/medium/100/566/174/products/am-so-mi-theu-hoa-10c57.jpg]
[bizweb.dktcdn.net/thumb/medium/100/566/174/products/am-so-mi-theu-hoa-42732.jpg]
[bizweb.dktcdn.net/thumb/medium/100/566/174/products/am-so-mi-theu-hoa-22732.jpg]
[bizweb.dktcdn.net/thumb/medium/100/566/174/products/am-so-mi-theu-hoa-32732.jpg]
[bizweb.dktcdn.net/thumb/medium/100/566/174/products/am-so-mi-theu-hoa-50c57.jpg]
[bean-style.mysapo.net/dam-so-mi-theu-hoa.html]
[bizweb.dktcdn.net/thumb/grande/100/566/174/products/ao-polo-theu-hinh-1406c.jpg]
[bizweb.dktcdn.net/thumb/grande/100/566/174/products/ao-polo-theu-hinh-2406c.jpg]
[bizweb.dktcdn.net/thumb/grande/100/566/174/products/ao-polo-theu-hinh-3406c.jpg]
[bizweb.dktcdn.net/thumb/1024x1024/100/566/174/products/ao-polo-theu-hinh-1406c.jpg]
[bizweb.dktcdn.net/100/566/174/products/ao-polo-theu-hinh-1406c.jpg]
[bizweb.dktcdn.net/thumb/1024x1024/100/566/174/products/ao-polo-theu-hinh-2406c.jpg]
[bizweb.dktcdn.net/100/566/174/products/ao-polo-theu-hinh-2406c.jpg]
[bizweb.dktcdn.net/thumb/1024x1024/100/566/174/products/ao-polo-theu-hinh-3406c.jpg]
[bizweb.dktcdn.net/100/566/174/products/ao-polo-theu-hinh-3406c.jpg]
[bizweb.dktcdn.net/thumb/medium/100/566/174/products/ao-polo-theu-hinh-1406c.jpg]
[bizweb.dktcdn.net/thumb/medium/100/566/174/products/ao-polo-theu-hinh-2406c.jpg]
[bizweb.dktcdn.net/thumb/medium/100/566/174/products/ao-polo-theu-hinh-3406c.jpg]
[bean-style.mysapo.net/ao-polo-nu-theu-hinh.html]
[bizweb.dktcdn.net/thumb/grande/100/566/174/products/ao-polo-basic-nu-tron18178.jpg]
[bizweb.dktcdn.net/thumb/grande/100/566/174/products/ao-polo-basic-nu-tron28178.jpg]
[bizweb.dktcdn.net/thumb/grande/100/566/174/products/ao-polo-basic-nu-tron38178.jpg]
[bizweb.dktcdn.net/thumb/1024x1024/100/566/174/products/ao-polo-basic-nu-tron18178.jpg]
[bizweb.dktcdn.net/100/566/174/products/ao-polo-basic-nu-tron18178.jpg]
[bizweb.dktcdn.net/thumb/1024x1024/100/566/174/products/ao-polo-basic-nu-tron28178.jpg]
[bizweb.dktcdn.net/100/566/174/products/ao-polo-basic-nu-tron28178.jpg]
[bizweb.dktcdn.net/thumb/1024x1024/100/566/174/products/ao-polo-basic-nu-tron38178.jpg]
[bizweb.dktcdn.net/100/566/174/products/ao-polo-basic-nu-tron38178.jpg]
[bizweb.dktcdn.net/thumb/medium/100/566/174/products/ao-polo-basic-nu-tron18178.jpg]
[bizweb.dktcdn.net/thumb/medium/100/566/174/products/ao-polo-basic-nu-tron28178.jpg]
[bizweb.dktcdn.net/thumb/medium/100/566/174/products/ao-polo-basic-nu-tron38178.jpg]
[bean-style.mysapo.net/ao-polo-nu-basic-tron.html]
[bean-style.mysapo.net/search9f4f.html]
[bean-style.mysapo.net/searchc3e2.html]
[bizweb.dktcdn.net/thumb/grande/100/566/174/products/dam-xeo-dinh-no3cd1.jpg]
[bizweb.dktcdn.net/thumb/grande/100/566/174/products/dam-xeo-dinh-no-23cd1.jpg]
[bizweb.dktcdn.net/thumb/grande/100/566/174/products/dam-xeo-dinh-no-33cd1.jpg]
[bizweb.dktcdn.net/thumb/1024x1024/100/566/174/products/dam-xeo-dinh-no3cd1.jpg]
[bizweb.dktcdn.net/100/566/174/products/dam-xeo-dinh-no3cd1.jpg]
[bizweb.dktcdn.net/thumb/1024x1024/100/566/174/products/dam-xeo-dinh-no-23cd1.jpg]
[bizweb.dktcdn.net/100/566/174/products/dam-xeo-dinh-no-23cd1.jpg]
[bizweb.dktcdn.net/thumb/1024x1024/100/566/174/products/dam-xeo-dinh-no-33cd1.jpg]
[bizweb.dktcdn.net/100/566/174/products/dam-xeo-dinh-no-33cd1.jpg]
[bizweb.dktcdn.net/thumb/1024x1024/100/566/174/products/dam-xeo-dinh-no-43cd1.jpg]
[bizweb.dktcdn.net/100/566/174/products/dam-xeo-dinh-no-43cd1.jpg]
[bizweb.dktcdn.net/thumb/medium/100/566/174/products/dam-xeo-dinh-no3cd1.jpg]
[bizweb.dktcdn.net/thumb/medium/100/566/174/products/dam-xeo-dinh-no-23cd1.jpg]
[bizweb.dktcdn.net/thumb/medium/100/566/174/products/dam-xeo-dinh-no-33cd1.jpg]
[bizweb.dktcdn.net/thumb/medium/100/566/174/products/dam-xeo-dinh-no-43cd1.jpg]
[bizweb.dktcdn.net/100/566/174/products/dam-co-tron-canh-tien-2562d.jpg]
[bizweb.dktcdn.net/100/566/174/products/dam-co-tron-canh-tien-3562d.jpg]
[bean-style.mysapo.net/dam-xoe-dinh-no.html]
[bizweb.dktcdn.net/thumb/grande/100/566/174/products/dam-suong-dinh-hoafb15.jpg]
[bizweb.dktcdn.net/thumb/grande/100/566/174/products/dam-suong-dinh-hoa-2fb15.jpg]
[bizweb.dktcdn.net/thumb/grande/100/566/174/products/dam-suong-dinh-hoa-3fb15.jpg]
[bizweb.dktcdn.net/thumb/1024x1024/100/566/174/products/dam-suong-dinh-hoafb15.jpg]
[bizweb.dktcdn.net/100/566/174/products/dam-suong-dinh-hoafb15.jpg]
[bizweb.dktcdn.net/thumb/1024x1024/100/566/174/products/dam-suong-dinh-hoa-2fb15.jpg]
[bizweb.dktcdn.net/100/566/174/products/dam-suong-dinh-hoa-2fb15.jpg]
[bizweb.dktcdn.net/thumb/1024x1024/100/566/174/products/dam-suong-dinh-hoa-3fb15.jpg]
[bizweb.dktcdn.net/100/566/174/products/dam-suong-dinh-hoa-3fb15.jpg]
[bizweb.dktcdn.net/thumb/medium/100/566/174/products/dam-suong-dinh-hoafb15.jpg]
[bizweb.dktcdn.net/thumb/medium/100/566/174/products/dam-suong-dinh-hoa-2fb15.jpg]
[bizweb.dktcdn.net/thumb/medium/100/566/174/products/dam-suong-dinh-hoa-3fb15.jpg]
[bean-style.mysapo.net/dam-suong-dinh-hoa.html]
[bizweb.dktcdn.net/thumb/grande/100/566/174/products/dam-suong-co-lech3e32.jpg]
[bizweb.dktcdn.net/thumb/grande/100/566/174/products/dam-suong-co-lech-23e32.jpg]
[bizweb.dktcdn.net/thumb/grande/100/566/174/products/dam-suong-co-lech-33e32.jpg]
[bizweb.dktcdn.net/thumb/1024x1024/100/566/174/products/dam-suong-co-lech3e32.jpg]
[bizweb.dktcdn.net/100/566/174/products/dam-suong-co-lech3e32.jpg]
[bizweb.dktcdn.net/thumb/1024x1024/100/566/174/products/dam-suong-co-lech-23e32.jpg]
[bizweb.dktcdn.net/100/566/174/products/dam-suong-co-lech-23e32.jpg]
[bizweb.dktcdn.net/thumb/1024x1024/100/566/174/products/dam-suong-co-lech-33e32.jpg]
[bizweb.dktcdn.net/100/566/174/products/dam-suong-co-lech-33e32.jpg]
[bizweb.dktcdn.net/thumb/medium/100/566/174/products/dam-suong-co-lech3e32.jpg]
[bizweb.dktcdn.net/thumb/medium/100/566/174/products/dam-suong-co-lech-23e32.jpg]
[bizweb.dktcdn.net/thumb/medium/100/566/174/products/dam-suong-co-lech-33e32.jpg]
[bean-style.mysapo.net/dam-suong-co-lech.html]
[bizweb.dktcdn.net/thumb/grande/100/566/174/products/dam-co-tron-canh-tien-1562d.jpg]
[bizweb.dktcdn.net/thumb/grande/100/566/174/products/dam-co-tron-canh-tien-2562d.jpg]
[bizweb.dktcdn.net/thumb/grande/100/566/174/products/dam-co-tron-canh-tien-3562d.jpg]
[bizweb.dktcdn.net/thumb/1024x1024/100/566/174/products/dam-co-tron-canh-tien-1562d.jpg]
[bizweb.dktcdn.net/100/566/174/products/dam-co-tron-canh-tien-1562d.jpg]
[bizweb.dktcdn.net/thumb/1024x1024/100/566/174/products/dam-co-tron-canh-tien-2562d.jpg]
[bizweb.dktcdn.net/thumb/1024x1024/100/566/174/products/dam-co-tron-canh-tien-3562d.jpg]
[bizweb.dktcdn.net/thumb/1024x1024/100/566/174/products/dam-co-tron-canh-tien-4562d.jpg]
[bizweb.dktcdn.net/100/566/174/products/dam-co-tron-canh-tien-4562d.jpg]
[bizweb.dktcdn.net/thumb/medium/100/566/174/products/dam-co-tron-canh-tien-1562d.jpg]
[bizweb.dktcdn.net/thumb/medium/100/566/174/products/dam-co-tron-canh-tien-2562d.jpg]
[bizweb.dktcdn.net/thumb/medium/100/566/174/products/dam-co-tron-canh-tien-3562d.jpg]
[bizweb.dktcdn.net/thumb/medium/100/566/174/products/dam-co-tron-canh-tien-4562d.jpg]
[bean-style.mysapo.net/dam-co-tron-canh-tien.html]
[bizweb.dktcdn.net/thumb/grande/100/566/174/products/dam-hoa-day-co-somi-18532.jpg]
[bizweb.dktcdn.net/thumb/grande/100/566/174/products/dam-hoa-day-co-somi-36b8f.jpg]
[bizweb.dktcdn.net/thumb/grande/100/566/174/products/dam-hoa-day-co-somi-26b8f.jpg]
[bizweb.dktcdn.net/thumb/1024x1024/100/566/174/products/dam-hoa-day-co-somi-18532.jpg]
[bizweb.dktcdn.net/100/566/174/products/dam-hoa-day-co-somi-18532.jpg]
[bizweb.dktcdn.net/thumb/1024x1024/100/566/174/products/dam-hoa-day-co-somi-36b8f.jpg]
[bizweb.dktcdn.net/100/566/174/products/dam-hoa-day-co-somi-36b8f.jpg]
[bizweb.dktcdn.net/thumb/1024x1024/100/566/174/products/dam-hoa-day-co-somi-26b8f.jpg]
[bizweb.dktcdn.net/100/566/174/products/dam-hoa-day-co-somi-26b8f.jpg]
[bizweb.dktcdn.net/thumb/1024x1024/100/566/174/products/dam-hoa-day-co-somi-4c6fa.jpg]
[bizweb.dktcdn.net/100/566/174/products/dam-hoa-day-co-somi-4c6fa.jpg]
[bizweb.dktcdn.net/thumb/1024x1024/100/566/174/products/dam-hoa-day-co-somi-59f4c.jpg]
[bizweb.dktcdn.net/100/566/174/products/dam-hoa-day-co-somi-59f4c.jpg]
[bizweb.dktcdn.net/thumb/medium/100/566/174/products/dam-hoa-day-co-somi-18532.jpg]
[bizweb.dktcdn.net/thumb/medium/100/566/174/products/dam-hoa-day-co-somi-36b8f.jpg]
[bizweb.dktcdn.net/thumb/medium/100/566/174/products/dam-hoa-day-co-somi-26b8f.jpg]
[bizweb.dktcdn.net/thumb/medium/100/566/174/products/dam-hoa-day-co-somi-4c6fa.jpg]
[bizweb.dktcdn.net/thumb/medium/100/566/174/products/dam-hoa-day-co-somi-59f4c.jpg]
[bizweb.dktcdn.net/100/566/174/products/dam-hoa-day-co-somi-36862.jpg]
[bean-style.mysapo.net/dam-hoa-day-co-somi.html]
[bizweb.dktcdn.net/thumb/grande/100/566/174/products/dam-co-somi-soc91b0.jpg]
[bizweb.dktcdn.net/thumb/grande/100/566/174/products/dam-co-somi-soc-291b0.jpg]
[bizweb.dktcdn.net/thumb/grande/100/566/174/products/dam-co-somi-soc-391b0.jpg]
[bizweb.dktcdn.net/thumb/1024x1024/100/566/174/products/dam-co-somi-soc91b0.jpg]
[bizweb.dktcdn.net/100/566/174/products/dam-co-somi-soc91b0.jpg]
[bizweb.dktcdn.net/thumb/1024x1024/100/566/174/products/dam-co-somi-soc-291b0.jpg]
[bizweb.dktcdn.net/100/566/174/products/dam-co-somi-soc-291b0.jpg]
[bizweb.dktcdn.net/thumb/1024x1024/100/566/174/products/dam-co-somi-soc-391b0.jpg]
[bizweb.dktcdn.net/100/566/174/products/dam-co-somi-soc-391b0.jpg]
[bizweb.dktcdn.net/thumb/1024x1024/100/566/174/products/dam-co-somi-soc-491b0.jpg]
[bizweb.dktcdn.net/100/566/174/products/dam-co-somi-soc-491b0.jpg]
[bizweb.dktcdn.net/thumb/medium/100/566/174/products/dam-co-somi-soc91b0.jpg]
[bizweb.dktcdn.net/thumb/medium/100/566/174/products/dam-co-somi-soc-291b0.jpg]
[bizweb.dktcdn.net/thumb/medium/100/566/174/products/dam-co-somi-soc-391b0.jpg]
[bizweb.dktcdn.net/thumb/medium/100/566/174/products/dam-co-somi-soc-491b0.jpg]
[bean-style.mysapo.net/dam-chu-a-co-so-mi-soc.html]
[bean-style.mysapo.net/searchf3be.html]
[bean-style.mysapo.net/search6579.html]
[bizweb.dktcdn.net/thumb/grande/100/566/174/products/ao-thun-couple-nam-nu-218ec.jpg]
[bizweb.dktcdn.net/thumb/grande/100/566/174/products/ao-thun-couple-nam-nu-418ec.jpg]
[bizweb.dktcdn.net/thumb/grande/100/566/174/products/ao-thun-couple-nam-nu-118ec.jpg]
[bizweb.dktcdn.net/thumb/1024x1024/100/566/174/products/ao-thun-couple-nam-nu-218ec.jpg]
[bizweb.dktcdn.net/100/566/174/products/ao-thun-couple-nam-nu-218ec.jpg]
[bizweb.dktcdn.net/thumb/1024x1024/100/566/174/products/ao-thun-couple-nam-nu-418ec.jpg]
[bizweb.dktcdn.net/100/566/174/products/ao-thun-couple-nam-nu-418ec.jpg]
[bizweb.dktcdn.net/thumb/1024x1024/100/566/174/products/ao-thun-couple-nam-nu-118ec.jpg]
[bizweb.dktcdn.net/100/566/174/products/ao-thun-couple-nam-nu-118ec.jpg]
[bizweb.dktcdn.net/thumb/1024x1024/100/566/174/products/ao-thun-couple-nam-nu-318ec.jpg]
[bizweb.dktcdn.net/100/566/174/products/ao-thun-couple-nam-nu-318ec.jpg]
[bizweb.dktcdn.net/thumb/1024x1024/100/566/174/products/ao-thun-couple-nam-nu-58843.jpg]
[bizweb.dktcdn.net/100/566/174/products/ao-thun-couple-nam-nu-58843.jpg]
[bizweb.dktcdn.net/thumb/medium/100/566/174/products/ao-thun-couple-nam-nu-218ec.jpg]
[bizweb.dktcdn.net/thumb/medium/100/566/174/products/ao-thun-couple-nam-nu-418ec.jpg]
[bizweb.dktcdn.net/thumb/medium/100/566/174/products/ao-thun-couple-nam-nu-118ec.jpg]
[bizweb.dktcdn.net/thumb/medium/100/566/174/products/ao-thun-couple-nam-nu-318ec.jpg]
[bizweb.dktcdn.net/thumb/medium/100/566/174/products/ao-thun-couple-nam-nu-58843.jpg]
[bean-style.mysapo.net/ao-thun-couple-nam-nu.html]
[bizweb.dktcdn.net/thumb/grande/100/566/174/products/ao-thun-nu-slimfit-tay-ngan77c6.jpg]
[bizweb.dktcdn.net/thumb/grande/100/566/174/products/ao-thun-nu-slimfit-tay-ngan-51f86.jpg]
[bizweb.dktcdn.net/thumb/grande/100/566/174/products/ao-thun-nu-slimfit-tay-ngan-21f86.jpg]
[bizweb.dktcdn.net/thumb/1024x1024/100/566/174/products/ao-thun-nu-slimfit-tay-ngan77c6.jpg]
[bizweb.dktcdn.net/thumb/1024x1024/100/566/174/products/ao-thun-nu-slimfit-tay-ngan-51f86.jpg]
[bizweb.dktcdn.net/100/566/174/products/ao-thun-nu-slimfit-tay-ngan-51f86.jpg]
[bizweb.dktcdn.net/thumb/1024x1024/100/566/174/products/ao-thun-nu-slimfit-tay-ngan-21f86.jpg]
[bizweb.dktcdn.net/100/566/174/products/ao-thun-nu-slimfit-tay-ngan-21f86.jpg]
[bizweb.dktcdn.net/thumb/1024x1024/100/566/174/products/ao-thun-nu-slimfit-tay-ngan-31f86.jpg]
[bizweb.dktcdn.net/100/566/174/products/ao-thun-nu-slimfit-tay-ngan-31f86.jpg]
[bizweb.dktcdn.net/thumb/1024x1024/100/566/174/products/ao-thun-nu-slimfit-tay-ngan-41f86.jpg]
[bizweb.dktcdn.net/100/566/174/products/ao-thun-nu-slimfit-tay-ngan-41f86.jpg]
[bizweb.dktcdn.net/thumb/medium/100/566/174/products/ao-thun-nu-slimfit-tay-ngan77c6.jpg]
[bizweb.dktcdn.net/thumb/medium/100/566/174/products/ao-thun-nu-slimfit-tay-ngan-51f86.jpg]
[bizweb.dktcdn.net/thumb/medium/100/566/174/products/ao-thun-nu-slimfit-tay-ngan-21f86.jpg]
[bizweb.dktcdn.net/thumb/medium/100/566/174/products/ao-thun-nu-slimfit-tay-ngan-31f86.jpg]
[bizweb.dktcdn.net/thumb/medium/100/566/174/products/ao-thun-nu-slimfit-tay-ngan-41f86.jpg]
[bean-style.mysapo.net/ao-thun-nu-slimfit-tay-ngan.html]
[bizweb.dktcdn.net/thumb/grande/100/566/174/products/ao-khoac-long-vu-cho-nu-mt100f52b.jpg]
[bizweb.dktcdn.net/thumb/grande/100/566/174/products/ao-khoac-long-vu-cho-nu-mt1003f52b.jpg]
[bizweb.dktcdn.net/thumb/grande/100/566/174/products/ao-khoac-long-vu-cho-nu-mt1002f52b.jpg]
[bizweb.dktcdn.net/thumb/1024x1024/100/566/174/products/ao-khoac-long-vu-cho-nu-mt100f52b.jpg]
[bizweb.dktcdn.net/100/566/174/products/ao-khoac-long-vu-cho-nu-mt100f52b.jpg]
[bizweb.dktcdn.net/thumb/1024x1024/100/566/174/products/ao-khoac-long-vu-cho-nu-mt1003f52b.jpg]
[bizweb.dktcdn.net/100/566/174/products/ao-khoac-long-vu-cho-nu-mt1003f52b.jpg]
[bizweb.dktcdn.net/thumb/1024x1024/100/566/174/products/ao-khoac-long-vu-cho-nu-mt1002f52b.jpg]
[bizweb.dktcdn.net/100/566/174/products/ao-khoac-long-vu-cho-nu-mt1002f52b.jpg]
[bizweb.dktcdn.net/thumb/1024x1024/100/566/174/products/ao-khoac-long-vu-cho-nu-mt1005f52b.jpg]
[bizweb.dktcdn.net/100/566/174/products/ao-khoac-long-vu-cho-nu-mt1005f52b.jpg]
[bizweb.dktcdn.net/thumb/1024x1024/100/566/174/products/ao-khoac-long-vu-cho-nu-mt1006f52b.jpg]
[bizweb.dktcdn.net/100/566/174/products/ao-khoac-long-vu-cho-nu-mt1006f52b.jpg]
[bizweb.dktcdn.net/thumb/1024x1024/100/566/174/products/ao-khoac-long-vu-cho-nu-mt10040604.jpg]
[bizweb.dktcdn.net/100/566/174/products/ao-khoac-long-vu-cho-nu-mt10040604.jpg]
[bizweb.dktcdn.net/thumb/medium/100/566/174/products/ao-khoac-long-vu-cho-nu-mt100f52b.jpg]
[bizweb.dktcdn.net/thumb/medium/100/566/174/products/ao-khoac-long-vu-cho-nu-mt1003f52b.jpg]
[bizweb.dktcdn.net/thumb/medium/100/566/174/products/ao-khoac-long-vu-cho-nu-mt1002f52b.jpg]
[bizweb.dktcdn.net/thumb/medium/100/566/174/products/ao-khoac-long-vu-cho-nu-mt1005f52b.jpg]
[bizweb.dktcdn.net/thumb/medium/100/566/174/products/ao-khoac-long-vu-cho-nu-mt1006f52b.jpg]
[bizweb.dktcdn.net/thumb/medium/100/566/174/products/ao-khoac-long-vu-cho-nu-mt10040604.jpg]
[bean-style.mysapo.net/ao-khoac-long-vu-cho-nu.html]
[bizweb.dktcdn.net/thumb/grande/100/566/174/products/ao-khoac-blazer-co-v-alice15f47.jpg]
[bizweb.dktcdn.net/thumb/grande/100/566/174/products/ao-khoac-blazer-co-v-alice25f47.jpg]
[bizweb.dktcdn.net/thumb/grande/100/566/174/products/ao-khoac-blazer-co-v-alice35f47.jpg]
[bizweb.dktcdn.net/thumb/1024x1024/100/566/174/products/ao-khoac-blazer-co-v-alice15f47.jpg]
[bizweb.dktcdn.net/100/566/174/products/ao-khoac-blazer-co-v-alice15f47.jpg]
[bizweb.dktcdn.net/thumb/1024x1024/100/566/174/products/ao-khoac-blazer-co-v-alice25f47.jpg]
[bizweb.dktcdn.net/100/566/174/products/ao-khoac-blazer-co-v-alice25f47.jpg]
[bizweb.dktcdn.net/thumb/1024x1024/100/566/174/products/ao-khoac-blazer-co-v-alice35f47.jpg]
[bizweb.dktcdn.net/100/566/174/products/ao-khoac-blazer-co-v-alice35f47.jpg]
[bizweb.dktcdn.net/thumb/medium/100/566/174/products/ao-khoac-blazer-co-v-alice15f47.jpg]
[bizweb.dktcdn.net/thumb/medium/100/566/174/products/ao-khoac-blazer-co-v-alice25f47.jpg]
[bizweb.dktcdn.net/thumb/medium/100/566/174/products/ao-khoac-blazer-co-v-alice35f47.jpg]
[bizweb.dktcdn.net/100/566/174/themes/1008318/assets/km_product_1e16d.png]
[bizweb.dktcdn.net/100/566/174/themes/1008318/assets/km_product_2e16d.png]
[bizweb.dktcdn.net/100/566/174/themes/1008318/assets/km_product_3e16d.png]
[bean-style.mysapo.net/ao-khoac-blazer.html]
[bizweb.dktcdn.net/thumb/grande/100/566/174/products/ao-khoac-phoi-ren14ea3.jpg]
[bizweb.dktcdn.net/thumb/grande/100/566/174/products/ao-khoac-phoi-ren24ea3.jpg]
[bizweb.dktcdn.net/thumb/grande/100/566/174/products/ao-khoac-phoi-ren34ea3.jpg]
[bizweb.dktcdn.net/thumb/1024x1024/100/566/174/products/ao-khoac-phoi-ren14ea3.jpg]
[bizweb.dktcdn.net/100/566/174/products/ao-khoac-phoi-ren14ea3.jpg]
[bizweb.dktcdn.net/thumb/1024x1024/100/566/174/products/ao-khoac-phoi-ren24ea3.jpg]
[bizweb.dktcdn.net/100/566/174/products/ao-khoac-phoi-ren24ea3.jpg]
[bizweb.dktcdn.net/thumb/1024x1024/100/566/174/products/ao-khoac-phoi-ren34ea3.jpg]
[bizweb.dktcdn.net/100/566/174/products/ao-khoac-phoi-ren34ea3.jpg]
[bizweb.dktcdn.net/thumb/1024x1024/100/566/174/products/ao-khoac-phoi-ren44ea3.jpg]
[bizweb.dktcdn.net/100/566/174/products/ao-khoac-phoi-ren44ea3.jpg]
[bizweb.dktcdn.net/thumb/medium/100/566/174/products/ao-khoac-phoi-ren14ea3.jpg]
[bizweb.dktcdn.net/thumb/medium/100/566/174/products/ao-khoac-phoi-ren24ea3.jpg]
[bizweb.dktcdn.net/thumb/medium/100/566/174/products/ao-khoac-phoi-ren34ea3.jpg]
[bizweb.dktcdn.net/thumb/medium/100/566/174/products/ao-khoac-phoi-ren44ea3.jpg]
[bean-style.mysapo.net/ao-khoac-phoi-ren.html]
[bizweb.dktcdn.net/thumb/grande/100/566/174/products/ao-khoac-gile-ladies-rayon4b5a7.jpg]
[bizweb.dktcdn.net/thumb/grande/100/566/174/products/ao-khoac-gile-ladies-rayon1b5a7.jpg]
[bizweb.dktcdn.net/thumb/grande/100/566/174/products/ao-khoac-gile-ladies-rayon2b5a7.jpg]
[bizweb.dktcdn.net/thumb/1024x1024/100/566/174/products/ao-khoac-gile-ladies-rayon4b5a7.jpg]
[bizweb.dktcdn.net/100/566/174/products/ao-khoac-gile-ladies-rayon4b5a7.jpg]
[bizweb.dktcdn.net/thumb/1024x1024/100/566/174/products/ao-khoac-gile-ladies-rayon1b5a7.jpg]
[bizweb.dktcdn.net/100/566/174/products/ao-khoac-gile-ladies-rayon1b5a7.jpg]
[bizweb.dktcdn.net/thumb/1024x1024/100/566/174/products/ao-khoac-gile-ladies-rayon2b5a7.jpg]
[bizweb.dktcdn.net/100/566/174/products/ao-khoac-gile-ladies-rayon2b5a7.jpg]
[bizweb.dktcdn.net/thumb/1024x1024/100/566/174/products/ao-khoac-gile-ladies-rayon3b5a7.jpg]
[bizweb.dktcdn.net/100/566/174/products/ao-khoac-gile-ladies-rayon3b5a7.jpg]
[bizweb.dktcdn.net/thumb/medium/100/566/174/products/ao-khoac-gile-ladies-rayon4b5a7.jpg]
[bizweb.dktcdn.net/thumb/medium/100/566/174/products/ao-khoac-gile-ladies-rayon1b5a7.jpg]
[bizweb.dktcdn.net/thumb/medium/100/566/174/products/ao-khoac-gile-ladies-rayon2b5a7.jpg]
[bizweb.dktcdn.net/thumb/medium/100/566/174/products/ao-khoac-gile-ladies-rayon3b5a7.jpg]
[bean-style.mysapo.net/ao-khoac-gile-ladies.html]
[bizweb.dktcdn.net/thumb/grande/100/566/174/products/quan-short-leo-nui-nu-thoai-maiebec.jpg]
[bizweb.dktcdn.net/thumb/grande/100/566/174/products/quan-short-leo-nui-nu-thoai-mai24798.jpg]
[bizweb.dktcdn.net/thumb/grande/100/566/174/products/quan-short-leo-nui-nu-thoai-mai3b8f5.jpg]
[bizweb.dktcdn.net/thumb/1024x1024/100/566/174/products/quan-short-leo-nui-nu-thoai-maiebec.jpg]
[bizweb.dktcdn.net/100/566/174/products/quan-short-leo-nui-nu-thoai-maiebec.jpg]
[bizweb.dktcdn.net/thumb/1024x1024/100/566/174/products/quan-short-leo-nui-nu-thoai-mai24798.jpg]
[bizweb.dktcdn.net/100/566/174/products/quan-short-leo-nui-nu-thoai-mai24798.jpg]
[bizweb.dktcdn.net/thumb/1024x1024/100/566/174/products/quan-short-leo-nui-nu-thoai-mai3b8f5.jpg]
[bizweb.dktcdn.net/100/566/174/products/quan-short-leo-nui-nu-thoai-mai3b8f5.jpg]
[bizweb.dktcdn.net/thumb/1024x1024/100/566/174/products/quan-short-leo-nui-nu-thoai-mai4fee0.jpg]
[bizweb.dktcdn.net/100/566/174/products/quan-short-leo-nui-nu-thoai-mai4fee0.jpg]
[bizweb.dktcdn.net/thumb/1024x1024/100/566/174/products/quan-short-leo-nui-nu-thoai-mai5762f.jpg]
[bizweb.dktcdn.net/100/566/174/products/quan-short-leo-nui-nu-thoai-mai5762f.jpg]
[bizweb.dktcdn.net/thumb/1024x1024/100/566/174/products/quan-short-leo-nui-nu-thoai-mai6202c.jpg]
[bizweb.dktcdn.net/100/566/174/products/quan-short-leo-nui-nu-thoai-mai6202c.jpg]
[bizweb.dktcdn.net/thumb/medium/100/566/174/products/quan-short-leo-nui-nu-thoai-maiebec.jpg]
[bizweb.dktcdn.net/thumb/medium/100/566/174/products/quan-short-leo-nui-nu-thoai-mai24798.jpg]
[bizweb.dktcdn.net/thumb/medium/100/566/174/products/quan-short-leo-nui-nu-thoai-mai3b8f5.jpg]
[bizweb.dktcdn.net/thumb/medium/100/566/174/products/quan-short-leo-nui-nu-thoai-mai4fee0.jpg]
[bizweb.dktcdn.net/thumb/medium/100/566/174/products/quan-short-leo-nui-nu-thoai-mai5762f.jpg]
[bizweb.dktcdn.net/thumb/medium/100/566/174/products/quan-short-leo-nui-nu-thoai-mai6202c.jpg]
[bean-style.mysapo.net/quan-short-leo-nui-nu.html]
[bizweb.dktcdn.net/thumb/grande/100/566/174/products/oversize-tay-ngan179cd.jpg]
[bizweb.dktcdn.net/thumb/grande/100/566/174/products/oversize-tay-ngan279cd.jpg]
[bizweb.dktcdn.net/thumb/grande/100/566/174/products/oversize-tay-ngan379cd.jpg]
[bizweb.dktcdn.net/thumb/1024x1024/100/566/174/products/oversize-tay-ngan179cd.jpg]
[bizweb.dktcdn.net/100/566/174/products/oversize-tay-ngan179cd.jpg]
[bizweb.dktcdn.net/thumb/1024x1024/100/566/174/products/oversize-tay-ngan279cd.jpg]
[bizweb.dktcdn.net/100/566/174/products/oversize-tay-ngan279cd.jpg]
[bizweb.dktcdn.net/thumb/1024x1024/100/566/174/products/oversize-tay-ngan379cd.jpg]
[bizweb.dktcdn.net/100/566/174/products/oversize-tay-ngan379cd.jpg]
[bizweb.dktcdn.net/thumb/1024x1024/100/566/174/products/oversize-tay-ngan479cd.jpg]
[bizweb.dktcdn.net/100/566/174/products/oversize-tay-ngan479cd.jpg]
[bizweb.dktcdn.net/thumb/1024x1024/100/566/174/products/oversize-tay-ngan579cd.jpg]
[bizweb.dktcdn.net/100/566/174/products/oversize-tay-ngan579cd.jpg]
[bizweb.dktcdn.net/thumb/medium/100/566/174/products/oversize-tay-ngan179cd.jpg]
[bizweb.dktcdn.net/thumb/medium/100/566/174/products/oversize-tay-ngan279cd.jpg]
[bizweb.dktcdn.net/thumb/medium/100/566/174/products/oversize-tay-ngan379cd.jpg]
[bizweb.dktcdn.net/thumb/medium/100/566/174/products/oversize-tay-ngan479cd.jpg]
[bizweb.dktcdn.net/thumb/medium/100/566/174/products/oversize-tay-ngan579cd.jpg]
[bean-style.mysapo.net/ao-so-mi-oversize-tay-ngan.html]
[bizweb.dktcdn.net/thumb/grande/100/566/174/products/ao-so-mi-2-tui-nap2f749.jpg]
[bizweb.dktcdn.net/thumb/grande/100/566/174/products/ao-so-mi-2-tui-nap3f749.jpg]
[bizweb.dktcdn.net/thumb/grande/100/566/174/products/ao-so-mi-2-tui-nap1f749.jpg]
[bizweb.dktcdn.net/thumb/1024x1024/100/566/174/products/ao-so-mi-2-tui-nap2f749.jpg]
[bizweb.dktcdn.net/100/566/174/products/ao-so-mi-2-tui-nap2f749.jpg]
[bizweb.dktcdn.net/thumb/1024x1024/100/566/174/products/ao-so-mi-2-tui-nap3f749.jpg]
[bizweb.dktcdn.net/100/566/174/products/ao-so-mi-2-tui-nap3f749.jpg]
[bizweb.dktcdn.net/thumb/1024x1024/100/566/174/products/ao-so-mi-2-tui-nap1f749.jpg]
[bizweb.dktcdn.net/100/566/174/products/ao-so-mi-2-tui-nap1f749.jpg]
[bizweb.dktcdn.net/thumb/medium/100/566/174/products/ao-so-mi-2-tui-nap2f749.jpg]
[bizweb.dktcdn.net/thumb/medium/100/566/174/products/ao-so-mi-2-tui-nap3f749.jpg]
[bizweb.dktcdn.net/thumb/medium/100/566/174/products/ao-so-mi-2-tui-nap1f749.jpg]
[bean-style.mysapo.net/ao-so-mi-2-tui-nam.html]
[bean-style.mysapo.net/searchab42.html]
[bean-style.mysapo.net/search68b4.html]
[bean-style.mysapo.net/search4685.html]
[bean-style.mysapo.net/search9296.html]
[bizweb.dktcdn.net/thumb/grande/100/566/174/products/gang-tay-trekking-giu-am-lot-n6ce9.jpg]
[bizweb.dktcdn.net/thumb/grande/100/566/174/products/gang-tay-trekking-giu-am-lot-n36ce9.jpg]
[bizweb.dktcdn.net/thumb/grande/100/566/174/products/gang-tay-trekking-giu-am-lot-n26ce9.jpg]
[bizweb.dktcdn.net/thumb/1024x1024/100/566/174/products/gang-tay-trekking-giu-am-lot-n6ce9.jpg]
[bizweb.dktcdn.net/thumb/1024x1024/100/566/174/products/gang-tay-trekking-giu-am-lot-n36ce9.jpg]
[bizweb.dktcdn.net/100/566/174/products/gang-tay-trekking-giu-am-lot-n36ce9.jpg]
[bizweb.dktcdn.net/thumb/1024x1024/100/566/174/products/gang-tay-trekking-giu-am-lot-n26ce9.jpg]
[bizweb.dktcdn.net/100/566/174/products/gang-tay-trekking-giu-am-lot-n26ce9.jpg]
[bizweb.dktcdn.net/thumb/medium/100/566/174/products/gang-tay-trekking-giu-am-lot-n6ce9.jpg]
[bizweb.dktcdn.net/thumb/medium/100/566/174/products/gang-tay-trekking-giu-am-lot-n36ce9.jpg]
[bizweb.dktcdn.net/thumb/medium/100/566/174/products/gang-tay-trekking-giu-am-lot-n26ce9.jpg]
[bean-style.mysapo.net/gang-tay-trekking-giu-am-lot-ni.html]
[bean-style.mysapo.net/searchc8d6.html]
[bean-style.mysapo.net/searchfb9d.html]
[bizweb.dktcdn.net/thumb/grande/100/566/174/products/quan-dai-leo-nui-nu-trek-500-kak6163.jpg]
[bizweb.dktcdn.net/thumb/grande/100/566/174/products/quan-dai-leo-nui-nu-trek-500-kak26163.jpg]
[bizweb.dktcdn.net/thumb/grande/100/566/174/products/quan-dai-leo-nui-nu-trek-500-kak36163.jpg]
[bizweb.dktcdn.net/thumb/1024x1024/100/566/174/products/quan-dai-leo-nui-nu-trek-500-kak6163.jpg]
[bizweb.dktcdn.net/100/566/174/products/quan-dai-leo-nui-nu-trek-500-kak6163.jpg]
[bizweb.dktcdn.net/thumb/1024x1024/100/566/174/products/quan-dai-leo-nui-nu-trek-500-kak26163.jpg]
[bizweb.dktcdn.net/100/566/174/products/quan-dai-leo-nui-nu-trek-500-kak26163.jpg]
[bizweb.dktcdn.net/thumb/1024x1024/100/566/174/products/quan-dai-leo-nui-nu-trek-500-kak36163.jpg]
[bizweb.dktcdn.net/100/566/174/products/quan-dai-leo-nui-nu-trek-500-kak36163.jpg]
[bizweb.dktcdn.net/thumb/1024x1024/100/566/174/products/quan-dai-leo-nui-nu-trek-500-kak46163.jpg]
[bizweb.dktcdn.net/100/566/174/products/quan-dai-leo-nui-nu-trek-500-kak46163.jpg]
[bizweb.dktcdn.net/thumb/1024x1024/100/566/174/products/quan-dai-leo-nui-nu-trek-500-kak56163.jpg]
[bizweb.dktcdn.net/100/566/174/products/quan-dai-leo-nui-nu-trek-500-kak56163.jpg]
[bizweb.dktcdn.net/thumb/1024x1024/100/566/174/products/quan-dai-leo-nui-nu-trek-500-kak66163.jpg]
[bizweb.dktcdn.net/100/566/174/products/quan-dai-leo-nui-nu-trek-500-kak66163.jpg]
[bizweb.dktcdn.net/thumb/medium/100/566/174/products/quan-dai-leo-nui-nu-trek-500-kak6163.jpg]
[bizweb.dktcdn.net/thumb/medium/100/566/174/products/quan-dai-leo-nui-nu-trek-500-kak36163.jpg]
[bizweb.dktcdn.net/thumb/medium/100/566/174/products/quan-dai-leo-nui-nu-trek-500-kak46163.jpg]
[bizweb.dktcdn.net/thumb/medium/100/566/174/products/quan-dai-leo-nui-nu-trek-500-kak56163.jpg]
[bizweb.dktcdn.net/thumb/medium/100/566/174/products/quan-dai-leo-nui-nu-trek-500-kak66163.jpg]
[bean-style.mysapo.net/quan-dai-leo-nui-nu.html]
[bizweb.dktcdn.net/100/566/174/themes/1008318/assets/ico-select266d9.png]
[bizweb.dktcdn.net/100/566/174/themes/1008318/assets/style_page.scssbf6b.css]
[bizweb.dktcdn.net/100/566/174/themes/1008318/assets/account_oder_style.scssbf6b.css]
[bizweb.dktcdn.net/100/566/174/themes/1008318/assets/cartpage.scssbf6b.css]
[bean-style.mysapo.net/vay-dam-om.html]
[bean-style.mysapo.net/vay-dam-suong.html]
[bean-style.mysapo.net/vay-dam-maxi.html]
[bean-style.mysapo.net/vay-dam-so-mi.html]
[bean-style.mysapo.net/vay-dam-so-mi-ngan.html]
[bean-style.mysapo.net/vay-dam-so-mi-dai.html]
[bean-style.mysapo.net/vay-dam-so-mi-hoa-tiet.html]
[bean-style.mysapo.net/vay-dam-xoe.html]
[bean-style.mysapo.net/vay-dam-xoe-ngan.html]
[bean-style.mysapo.net/vay-dam-xoe-dai.html]
[bean-style.mysapo.net/vay-dam-xoe-hoa-tiet.html]
[bean-style.mysapo.net/vay-dam-nang-dong.html]
[bean-style.mysapo.net/vay-dam-thoang-khi.html]
[bizweb.dktcdn.net/100/566/174/files/ao-so-mi-cong-so-nu079c.jpg]
[bizweb.dktcdn.net/100/566/174/files/ao-so-mi-nu-thanh-lich5a27.jpg]
[bizweb.dktcdn.net/100/566/174/files/ao-so-mi-nu-ngan-tay6d17.jpg]
[bean-style.mysapo.net/ao-so-mi.html]
[bean-style.mysapo.net/ao-so-mi-tay-ngan.html]
[bean-style.mysapo.net/ao-so-mi-tron.html]
[bean-style.mysapo.net/ao-so-mi-tay-dai.html]
[bean-style.mysapo.net/ao-so-mi-hoa-tiet.html]
[bean-style.mysapo.net/ao-thun.html]
[bean-style.mysapo.net/ao-thun-co-tron.html]
[bean-style.mysapo.net/ao-thun-co-dung.html]
[bean-style.mysapo.net/ao-thun-nam.html]
[bean-style.mysapo.net/quan-dai.html]
[bean-style.mysapo.net/quan-ong-suong.html]
[bean-style.mysapo.net/quan-ong-rong.html]
[bean-style.mysapo.net/quan-ong-dung.html]
[bean-style.mysapo.net/chan-vay.html]
[bean-style.mysapo.net/chan-vay-xoe.html]
[bean-style.mysapo.net/chan-vay-but-chi.html]
[bean-style.mysapo.net/chan-vay-xep-ly.html]
[bean-style.mysapo.net/ao-khoac.html]
[bean-style.mysapo.net/ao-chong-nang.html]
[bean-style.mysapo.net/ao-long-vu.html]
[bean-style.mysapo.net/ao-mang-to.html]
[bean-style.mysapo.net/quan-nam.html]
[bean-style.mysapo.net/quan-short.html]
[bean-style.mysapo.net/quan-jean-nam.html]
[bean-style.mysapo.net/quan-kaki-nam.html]
[bean-style.mysapo.net/phu-kien.html]
[bean-style.mysapo.net/mat-kinh.html]
[bean-style.mysapo.net/tui-xach.html]
[bean-style.mysapo.net/mu-non.html]
[bizweb.dktcdn.net/thumb/grande/100/566/174/products/v65c25q001-40783506-2-5cf1108f1b1c96.jpg]
[bizweb.dktcdn.net/thumb/grande/100/566/174/products/v65c25q001-40783506-1-c9aafd5d501c96.jpg]
[bizweb.dktcdn.net/thumb/1024x1024/100/566/174/products/v65c25q001-40783506-2-5cf1108f1b1c96.jpg]
[bizweb.dktcdn.net/100/566/174/products/v65c25q001-40783506-2-5cf1108f1b1c96.jpg]
[bizweb.dktcdn.net/thumb/1024x1024/100/566/174/products/v65c25q001-40783506-1-c9aafd5d501c96.jpg]
[bizweb.dktcdn.net/100/566/174/products/v65c25q001-40783506-1-c9aafd5d501c96.jpg]
[bizweb.dktcdn.net/thumb/medium/100/566/174/products/v65c25q001-40783506-2-5cf1108f1b1c96.jpg]
[bizweb.dktcdn.net/thumb/medium/100/566/174/products/v65c25q001-40783506-1-c9aafd5d501c96.jpg]
[bean-style.mysapo.net/ao-len-luoi-croptop-co-tron.html]
[bizweb.dktcdn.net/thumb/grande/100/566/174/products/ao-polo-nu-basic-phoi-1c1c1.jpg]
[bizweb.dktcdn.net/thumb/grande/100/566/174/products/ao-polo-nu-basic-phoi-2c1c1.jpg]
[bizweb.dktcdn.net/thumb/grande/100/566/174/products/ao-polo-nu-basic-phoi-3c1c1.jpg]
[bizweb.dktcdn.net/thumb/1024x1024/100/566/174/products/ao-polo-nu-basic-phoi-1c1c1.jpg]
[bizweb.dktcdn.net/100/566/174/products/ao-polo-nu-basic-phoi-1c1c1.jpg]
[bizweb.dktcdn.net/thumb/1024x1024/100/566/174/products/ao-polo-nu-basic-phoi-2c1c1.jpg]
[bizweb.dktcdn.net/100/566/174/products/ao-polo-nu-basic-phoi-2c1c1.jpg]
[bizweb.dktcdn.net/thumb/1024x1024/100/566/174/products/ao-polo-nu-basic-phoi-3c1c1.jpg]
[bizweb.dktcdn.net/100/566/174/products/ao-polo-nu-basic-phoi-3c1c1.jpg]
[bizweb.dktcdn.net/thumb/1024x1024/100/566/174/products/ao-polo-nu-basic-phoi-4c1c1.jpg]
[bizweb.dktcdn.net/100/566/174/products/ao-polo-nu-basic-phoi-4c1c1.jpg]
[bizweb.dktcdn.net/thumb/medium/100/566/174/products/ao-polo-nu-basic-phoi-1c1c1.jpg]
[bizweb.dktcdn.net/thumb/medium/100/566/174/products/ao-polo-nu-basic-phoi-2c1c1.jpg]
[bizweb.dktcdn.net/thumb/medium/100/566/174/products/ao-polo-nu-basic-phoi-3c1c1.jpg]
[bizweb.dktcdn.net/thumb/medium/100/566/174/products/ao-polo-nu-basic-phoi-4c1c1.jpg]
[bean-style.mysapo.net/ao-polo-mau-tay-va-co.html]
[bizweb.dktcdn.net/100/566/174/themes/1008318/assets/jquery-ui-min.scssbf6b.css]
[bean-style.mysapo.net/combo-mix-match-1.html]
[bean-style.mysapo.net/combo-mix-match-2.html]
[bean-style.mysapo.net/combo-mix-match-3.html]
[bean-style.mysapo.net/combo-mix-match-4.html]
[bean-style.mysapo.net/combo-mix-match-5.html]
[bean-style.mysapo.net/combo-mix-match-6.html]
[bean-style.mysapo.net/combo-mix-match-7.html]
[bean-style.mysapo.net/combo-mix-match-8.html]
[bizweb.dktcdn.net/100/566/174/themes/1008318/assets/blog_article_style.scssbf6b.css]
[bizweb.dktcdn.net/100/566/174/themes/1008318/assets/sidebar_style.scssbf6b.css]
[bean-style.mysapo.net/feedback4658.html]
[bean-style.mysapo.net/feedback2679.html]
[bizweb.dktcdn.net/thumb/grande/100/566/174/articles/ao-khoac-cong-so-nu-0a2c7eb111881774.jpg]
[bizweb.dktcdn.net/100/566/174/files/ao-khoac-dang-dai-8e966916fc47463e5e.jpg]
[bizweb.dktcdn.net/100/566/174/files/ao-vest-cong-so-efbc9864717141c37ef0.jpg]
[bean-style.mysapo.net/ao-khoac-cong-so-nu-ghi-diem-phong-cach-tai-noi-lam-viec.html]
[cdnjs.cloudflare.com/ajax/libs/tocbot/4.4.2/tocbot.min.js]
[bizweb.dktcdn.net/thumb/grande/100/566/174/articles/thumbnail-cac-kieu-vay-dam-di-da2c32.jpg]
[bizweb.dktcdn.net/100/566/174/files/cac-kieu-vay-dam-di-dam-cuoi-dep7a0e.jpg]
[bizweb.dktcdn.net/100/566/174/files/cac-kieu-vay-dam-di-dam-cuoi-dep2e4cb.jpg]
[bizweb.dktcdn.net/100/566/174/files/cac-kieu-vay-dam-di-dam-cuoi-dep37041.jpg]
[bizweb.dktcdn.net/100/566/174/files/cac-kieu-vay-dam-di-dam-cuoi-dep4-2950d093-a7cb-44b0-97c0-093cd20f64f1d891.jpg]
[bizweb.dktcdn.net/100/566/174/files/cac-kieu-vay-dam-di-dam-cuoi-dep5234b.jpg]
[bizweb.dktcdn.net/100/566/174/files/cac-kieu-vay-dam-di-dam-cuoi-dep6db46.jpg]
[bean-style.mysapo.net/cac-kieu-vay-dam-di-dam-cuoi-dep-nhat-cho-nang-noi-bat.html]
[bizweb.dktcdn.net/thumb/grande/100/566/174/articles/thumbnail-phoi-do-voi-quan-jean9846.jpg]
[bizweb.dktcdn.net/100/566/174/files/phoi-do-voi-quan-jean-ong-rong-18ca5.jpg]
[bizweb.dktcdn.net/100/566/174/files/phoi-do-voi-quan-jean-ong-rong-29814.jpg]
[bizweb.dktcdn.net/100/566/174/files/phoi-do-voi-quan-jean-ong-rong-3c701.jpg]
[bizweb.dktcdn.net/100/566/174/files/phoi-do-voi-quan-jean-ong-rong-4900c.jpg]
[bizweb.dktcdn.net/100/566/174/files/phoi-do-voi-quan-jean-ong-rong-5131b.jpg]
[bizweb.dktcdn.net/100/566/174/files/phoi-do-voi-quan-jean-ong-rong-69146.jpg]
[bizweb.dktcdn.net/100/566/174/files/phoi-do-voi-quan-jean-ong-rong-70206.jpg]
[bizweb.dktcdn.net/100/566/174/files/phoi-do-voi-quan-jean-ong-rong-880a5.jpg]
[bizweb.dktcdn.net/100/566/174/files/phoi-do-voi-quan-jean-ong-rong-92ecf.jpg]
[bean-style.mysapo.net/tips-phoi-do-voi-quan-jean-ong-rong-tre-trung-cuon-hut-moi-dip.html]
[bizweb.dktcdn.net/thumb/grande/100/566/174/articles/thumbnail-5-dip-mac-ao-vest-ca9bff6e.jpg]
[bizweb.dktcdn.net/100/566/174/files/5-dip-mac-ao-vest-1-dae7674e66f2908d.jpg]
[bizweb.dktcdn.net/100/566/174/files/5-dip-mac-ao-vest-2-501f02abe1eb91cc.jpg]
[bizweb.dktcdn.net/100/566/174/files/5-dip-mac-ao-vest-3-83053d7e78efdef2.jpg]
[bizweb.dktcdn.net/100/566/174/files/5-dip-mac-ao-vest-4-ca87814d08a8a348.jpg]
[bizweb.dktcdn.net/100/566/174/files/5-dip-mac-ao-vest-5-73d4b7c02e053480.jpg]
[bizweb.dktcdn.net/100/566/174/files/5-dip-mac-ao-vest-6-0d9e19bb9f31cb02.jpg]
[bean-style.mysapo.net/phu-nu-hien-dai-hay-mac-vest-trong-5-dip-nay.html]
[bizweb.dktcdn.net/thumb/grande/100/566/174/articles/thumbnail-phoi-do-chan-vay-xoe-d7171.jpg]
[bizweb.dktcdn.net/100/566/174/files/phoi-do-chan-vay-xoe-dang-dai-14aa1.jpg]
[bizweb.dktcdn.net/100/566/174/files/phoi-do-chan-vay-xoe-dang-dai-2a61a.jpg]
[bizweb.dktcdn.net/100/566/174/files/phoi-do-chan-vay-xoe-dang-dai-359f9.jpg]
[bizweb.dktcdn.net/100/566/174/files/phoi-do-chan-vay-xoe-dang-dai-49fe6.jpg]
[bizweb.dktcdn.net/100/566/174/files/phoi-do-chan-vay-xoe-dang-dai-58116.jpg]
[bizweb.dktcdn.net/100/566/174/files/phoi-do-chan-vay-xoe-dang-dai-64d0e.jpg]
[bizweb.dktcdn.net/100/566/174/files/phoi-do-chan-vay-xoe-dang-dai-79ad5.jpg]
[bean-style.mysapo.net/tips-phoi-do-voi-chan-vay-xoe-dang-dai-xinh-lung-linh.html]
[bizweb.dktcdn.net/thumb/grande/100/566/174/articles/thumbnail-phoi-do-voi-chan-vay-d1a3c.jpg]
[bizweb.dktcdn.net/100/566/174/files/phoi-do-voi-chan-vay-di-lam-muad41e.jpg]
[bizweb.dktcdn.net/100/566/174/files/phoi-do-voi-chan-vay-di-lam-mua26e5c.jpg]
[bizweb.dktcdn.net/100/566/174/files/phoi-do-voi-chan-vay-di-lam-mua33561.jpg]
[bizweb.dktcdn.net/100/566/174/files/phoi-do-voi-chan-vay-di-lam-mua42978.jpg]
[bizweb.dktcdn.net/100/566/174/files/phoi-do-voi-chan-vay-di-lam-mua56c8d.jpg]
[bizweb.dktcdn.net/100/566/174/files/phoi-do-voi-chan-vay-di-lam-mua6bc8d.jpg]
[bean-style.mysapo.net/goi-y-mix-match-chan-vay-cong-so-mua-he.html]
[bean-style.mysapo.net/tin-tuc4658.html]
[bizweb.dktcdn.net/100/566/174/themes/1008318/assets/contact_style.scssbf6b.css]
[bizweb.dktcdn.net/100/566/174/themes/1008318/assets/style_page_khuyen_mai.scssbf6b.css]
[bean-style.mysapo.net/tin-tuc2679.html]
[bizweb.dktcdn.net/thumb/grande/100/566/174/products/giay-leo-nui-vung-cao-mh100-chona5fc.jpg]
[bizweb.dktcdn.net/thumb/grande/100/566/174/products/giay-leo-nui-vung-cao-mh100-chon2a5fc.jpg]
[bizweb.dktcdn.net/thumb/grande/100/566/174/products/giay-leo-nui-vung-cao-mh100-chon3a5fc.jpg]
[bizweb.dktcdn.net/thumb/1024x1024/100/566/174/products/giay-leo-nui-vung-cao-mh100-chona5fc.jpg]
[bizweb.dktcdn.net/100/566/174/products/giay-leo-nui-vung-cao-mh100-chona5fc.jpg]
[bizweb.dktcdn.net/thumb/1024x1024/100/566/174/products/giay-leo-nui-vung-cao-mh100-chon2a5fc.jpg]
[bizweb.dktcdn.net/100/566/174/products/giay-leo-nui-vung-cao-mh100-chon2a5fc.jpg]
[bizweb.dktcdn.net/thumb/1024x1024/100/566/174/products/giay-leo-nui-vung-cao-mh100-chon3a5fc.jpg]
[bizweb.dktcdn.net/100/566/174/products/giay-leo-nui-vung-cao-mh100-chon3a5fc.jpg]
[bizweb.dktcdn.net/thumb/1024x1024/100/566/174/products/giay-leo-nui-vung-cao-mh100-chon4a5fc.jpg]
[bizweb.dktcdn.net/100/566/174/products/giay-leo-nui-vung-cao-mh100-chon4a5fc.jpg]
[bizweb.dktcdn.net/thumb/1024x1024/100/566/174/products/giay-leo-nui-vung-cao-mh100-chon5a5fc.jpg]
[bizweb.dktcdn.net/100/566/174/products/giay-leo-nui-vung-cao-mh100-chon5a5fc.jpg]
[bizweb.dktcdn.net/thumb/medium/100/566/174/products/giay-leo-nui-vung-cao-mh100-chona5fc.jpg]
[bizweb.dktcdn.net/thumb/medium/100/566/174/products/giay-leo-nui-vung-cao-mh100-chon2a5fc.jpg]
[bizweb.dktcdn.net/thumb/medium/100/566/174/products/giay-leo-nui-vung-cao-mh100-chon3a5fc.jpg]
[bizweb.dktcdn.net/thumb/medium/100/566/174/products/giay-leo-nui-vung-cao-mh100-chon4a5fc.jpg]
[bizweb.dktcdn.net/thumb/medium/100/566/174/products/giay-leo-nui-vung-cao-mh100-chon5a5fc.jpg]
[bean-style.mysapo.net/giay-leo-nui-chong-tham-cho-nam.html]
[bizweb.dktcdn.net/thumb/grande/100/566/174/products/ao-polo-khoa-keo-rut-day100f5.jpg]
[bizweb.dktcdn.net/thumb/grande/100/566/174/products/ao-polo-khoa-keo-rut-day200f5.jpg]
[bizweb.dktcdn.net/thumb/grande/100/566/174/products/ao-polo-khoa-keo-rut-day300f5.jpg]
[bizweb.dktcdn.net/thumb/1024x1024/100/566/174/products/ao-polo-khoa-keo-rut-day100f5.jpg]
[bizweb.dktcdn.net/100/566/174/products/ao-polo-khoa-keo-rut-day100f5.jpg]
[bizweb.dktcdn.net/thumb/1024x1024/100/566/174/products/ao-polo-khoa-keo-rut-day200f5.jpg]
[bizweb.dktcdn.net/100/566/174/products/ao-polo-khoa-keo-rut-day200f5.jpg]
[bizweb.dktcdn.net/thumb/1024x1024/100/566/174/products/ao-polo-khoa-keo-rut-day300f5.jpg]
[bizweb.dktcdn.net/100/566/174/products/ao-polo-khoa-keo-rut-day300f5.jpg]
[bizweb.dktcdn.net/thumb/1024x1024/100/566/174/products/ao-polo-khoa-keo-rut-day400f5.jpg]
[bizweb.dktcdn.net/100/566/174/products/ao-polo-khoa-keo-rut-day400f5.jpg]
[bizweb.dktcdn.net/thumb/1024x1024/100/566/174/products/ao-polo-khoa-keo-rut-day500f5.jpg]
[bizweb.dktcdn.net/100/566/174/products/ao-polo-khoa-keo-rut-day500f5.jpg]
[bizweb.dktcdn.net/thumb/medium/100/566/174/products/ao-polo-khoa-keo-rut-day100f5.jpg]
[bizweb.dktcdn.net/thumb/medium/100/566/174/products/ao-polo-khoa-keo-rut-day200f5.jpg]
[bizweb.dktcdn.net/thumb/medium/100/566/174/products/ao-polo-khoa-keo-rut-day300f5.jpg]
[bizweb.dktcdn.net/thumb/medium/100/566/174/products/ao-polo-khoa-keo-rut-day400f5.jpg]
[bizweb.dktcdn.net/thumb/medium/100/566/174/products/ao-polo-khoa-keo-rut-day500f5.jpg]
[bean-style.mysapo.net/ao-polo-khoa-keo-rut-day.html]
[bean-style.mysapo.net/search5710.html]
[bean-style.mysapo.net/searchcac6.html]
[bean-style.mysapo.net/searchd540.html]
[bizweb.dktcdn.net/100/566/174/themes/1008318/assets/rem_cart66d9.svg]
[bizweb.dktcdn.net/100/566/174/themes/1008318/assets/check-white.svg]
[bean-style.mysapo.net/search8235.html]
[bizweb.dktcdn.net/thumb/grande/100/566/174/articles/feedback776b9.jpg]
[bizweb.dktcdn.net/100/566/174/files/uu-diem-cua-ao-phao-long-vu-281f90f3.jpg]
[bizweb.dktcdn.net/100/566/174/files/ao-phao-long-vu-dang-ngan-78f740be43.jpg]
[bizweb.dktcdn.net/100/566/174/files/ao-phao-long-vu-dang-dai-7d42e2e324b.jpg]
[bizweb.dktcdn.net/100/566/174/articles/feedback776b9.jpg]
[bean-style.mysapo.net/chi-hai-yen-nhan-vien-van-phong.html]
[bizweb.dktcdn.net/thumb/grande/100/566/174/articles/feedback1c19f.jpg]
[bizweb.dktcdn.net/100/566/174/articles/feedback1c19f.jpg]
[bean-style.mysapo.net/chi-trang-trang-nhan-vien-van-phong.html]
[bizweb.dktcdn.net/thumb/grande/100/566/174/articles/feedback6f5a2.jpg]
[bizweb.dktcdn.net/100/566/174/articles/feedback6f5a2.jpg]
[bizweb.dktcdn.net/100/566/174/files/ao-khoac-cardigan-33be50b174f2446d71.jpg]
[bizweb.dktcdn.net/100/566/174/files/ao-len-nu-han-quoc-co-tim-d648014974.jpg]
[bizweb.dktcdn.net/100/566/174/files/ao-len-nu-han-quoc-co-tron-5cfe4a4f1.jpg]
[bizweb.dktcdn.net/100/566/174/files/ao-len-nu-han-quoc-mau-tron-8ba7b002.jpg]
[bizweb.dktcdn.net/100/566/174/files/chon-ao-vest-chiet-eo-cho-nguoi-bb6a535a-7b89-46a4-b68a-11a1e8882f2f6919.jpg]
[bizweb.dktcdn.net/100/566/174/files/u-han-quoc-co-the-mac-trong-nhie0d87.jpg]
[bean-style.mysapo.net/chi-hong-diep-nha-sang-tao-noi-dung.html]
[bizweb.dktcdn.net/thumb/grande/100/566/174/articles/feedback5a19d.jpg]
[bizweb.dktcdn.net/100/566/174/articles/feedback5a19d.jpg]
[bizweb.dktcdn.net/100/566/174/files/huong-dan-chon-ao-vest-nu-1fa76e1f37.jpg]
[bizweb.dktcdn.net/100/566/174/files/et-eo-de-ton-len-voc-dang-dong-h1fde.jpg]
[bizweb.dktcdn.net/100/566/174/files/chon-ao-vest-cong-so-3b338422e4a1e54.jpg]
[bizweb.dktcdn.net/100/566/174/files/chon-ao-vest-chiet-eo-cho-nguoi43e0.jpg]
[bizweb.dktcdn.net/100/566/174/files/ao-vest-nu-peplum-cho-dang-nguoa8da.jpg]
[bean-style.mysapo.net/chi-my-my-giao-vien-mam-non.html]
[bizweb.dktcdn.net/thumb/grande/100/566/174/articles/tu-cong-so-den-dao-pho-9-cach-dien-ao-so-mi-kec144.jpg]
[bizweb.dktcdn.net/100/566/174/files/tu-cong-so-den-dao-pho-10bfc1.jpg]
[bizweb.dktcdn.net/100/566/174/files/tu-cong-so-den-dao-pho-10-cach-dien-ao-jpegd389.jpg]
[bizweb.dktcdn.net/100/566/174/files/tu-cong-so-den-dao-pho-1022d7b.jpg]
[bizweb.dktcdn.net/100/566/174/files/tu-cong-so-den-dao-pho-103fb16.jpg]
[bean-style.mysapo.net/9-cach-dien-ao-so-mi-ke-cua-gai-han-khien-ban-muon-mac-moi-ngay.html]
[bizweb.dktcdn.net/100/566/174/themes/1008318/assets/btn_icon_addcart3c4f.png]
[bizweb.dktcdn.net/100/566/174/themes/1008318/assets/icon_gift3c4f.png]
[bizweb.dktcdn.net/100/566/174/themes/1008318/assets/product_style.scssbf6b.css]
[bizweb.dktcdn.net/100/566/174/themes/1008318/assets/bpr-products-modulebf6b.css]
[bizweb.dktcdn.net/100/566/174/themes/1008318/assets/picbox.scssbf6b.css]
[bean-style.mysapo.net/search9296.html]
[bizweb.dktcdn.net/100/566/174/themes/1008318/assets/next_icon66d9.png]
[bizweb.dktcdn.net/100/566/174/themes/1008318/assets/prev_icon66d9.png]
[bizweb.dktcdn.net/100/566/174/themes/1008318/assets/images/ui-icons_555555_256x240.png]
[bizweb.dktcdn.net/100/566/174/themes/1008318/assets/images/ui-icons_ffffff_256x240.png]
[bizweb.dktcdn.net/100/566/174/themes/1008318/assets/images/ui-icons_777620_256x240.png]
[bizweb.dktcdn.net/100/566/174/themes/1008318/assets/images/ui-icons_cc0000_256x240.png]
[bizweb.dktcdn.net/100/566/174/themes/1008318/assets/images/ui-icons_777777_256x240.png]
[bizweb.dktcdn.net/100/566/174/themes/1008318/assets/lg266d9.ttf]
[bean-style.mysapo.net/feedback2679.html]
[bizweb.dktcdn.net/thumb/medium/100/566/174/products/quan-dai-leo-nui-nu-trek-500-kak26163.html]
[bean-style.mysapo.net/tin-tuc2679.html]
[bean-style.mysapo.net/search5710.html]
[bean-style.mysapo.net/search8235.html]
[bean-style.mysapo.net/search4486.html]
[bean-style.mysapo.net/search4486.html]
