[wpdemo.redq.io/sites/dress-rental/html/index.html]
[backblue.gif]
[fade.gif]
[index.html]
[wpdemo.redq.io/sites/dress-rental/assets/dist/style/elements.css]
[wpdemo.redq.io/sites/dress-rental/assets/dist/style/header.css]
[wpdemo.redq.io/sites/dress-rental/assets/dist/style/footer.css]
[wpdemo.redq.io/sites/dress-rental/assets/dist/style/blog.css]
[wpdemo.redq.io/sites/dress-rental/assets/dist/img/ploading.gif]
[wpdemo.redq.io/sites/dress-rental/html/index-2.html]
[wpdemo.redq.io/sites/dress-rental/assets/dist/img/logo.png]
[wpdemo.redq.io/sites/dress-rental/html/listing-page-list.html]
[wpdemo.redq.io/sites/dress-rental/html/listing-page2.html]
[wpdemo.redq.io/sites/dress-rental/html/listing-page.html]
[wpdemo.redq.io/sites/dress-rental/assets/dist/img/content/4.jpg]
[wpdemo.redq.io/sites/dress-rental/html/blog-listing.html]
[wpdemo.redq.io/sites/dress-rental/html/post-single.html]
[wpdemo.redq.io/sites/dress-rental/html/cart.html]
[wpdemo.redq.io/sites/dress-rental/html/about-us.html]
[wpdemo.redq.io/sites/dress-rental/html/service.html]
[wpdemo.redq.io/sites/dress-rental/assets/dist/img/content/1.jpg]
[wpdemo.redq.io/sites/dress-rental/assets/dist/img/content/7.jpg]
[wpdemo.redq.io/sites/dress-rental/assets/dist/img/banner/2.jpg]
[wpdemo.redq.io/sites/dress-rental/assets/dist/img/banner/3.jpg]
[wpdemo.redq.io/sites/dress-rental/assets/dist/img/work-procedure/1.png]
[wpdemo.redq.io/sites/dress-rental/assets/dist/img/work-procedure/2.png]
[wpdemo.redq.io/sites/dress-rental/assets/dist/img/work-procedure/3.png]
[wpdemo.redq.io/sites/dress-rental/assets/dist/img/content/2.jpg]
[wpdemo.redq.io/sites/dress-rental/assets/dist/img/content/3.jpg]
[wpdemo.redq.io/sites/dress-rental/assets/dist/img/content/4s.jpg]
[wpdemo.redq.io/sites/dress-rental/assets/dist/img/content/5.jpg]
[wpdemo.redq.io/sites/dress-rental/assets/dist/img/content/6.jpg]
[wpdemo.redq.io/sites/dress-rental/assets/dist/img/favorites/1.png]
[wpdemo.redq.io/sites/dress-rental/html/booking.html]
[wpdemo.redq.io/sites/dress-rental/assets/dist/img/favorites/wish.png]
[wpdemo.redq.io/sites/dress-rental/assets/dist/img/favorites/2.png]
[wpdemo.redq.io/sites/dress-rental/assets/dist/img/favorites/4.png]
[wpdemo.redq.io/sites/dress-rental/assets/dist/img/favorites/5.png]
[wpdemo.redq.io/sites/dress-rental/assets/dist/img/opinion/1.png]
[wpdemo.redq.io/sites/dress-rental/assets/dist/img/sponsors/1.png]
[wpdemo.redq.io/sites/dress-rental/assets/dist/img/sponsors/2.png]
[wpdemo.redq.io/sites/dress-rental/assets/dist/img/sponsors/3.png]
[wpdemo.redq.io/sites/dress-rental/assets/dist/img/sponsors/4.png]
[wpdemo.redq.io/sites/dress-rental/assets/dist/img/sponsors/5.png]
[wpdemo.redq.io/sites/dress-rental/assets/dist/img/sponsors/6.png]
[wpdemo.redq.io/sites/dress-rental/assets/dist/img/community/1.jpg]
[wpdemo.redq.io/sites/dress-rental/assets/dist/img/community/2.jpg]
[wpdemo.redq.io/sites/dress-rental/assets/dist/img/community/3.jpg]
[wpdemo.redq.io/sites/dress-rental/assets/dist/img/community/4.jpg]
[wpdemo.redq.io/sites/dress-rental/assets/dist/img/community/5.jpg]
[wpdemo.redq.io/sites/dress-rental/assets/dist/js/vendor/jquery-3.2.0.min.js]
[wpdemo.redq.io/sites/dress-rental/assets/dist/js/vendor/bootstrap.min.js]
[wpdemo.redq.io/sites/dress-rental/assets/dist/js/vendor/countUp.js]
[wpdemo.redq.io/sites/dress-rental/assets/dist/js/vendor/owl.carousel.min.js]
[wpdemo.redq.io/sites/dress-rental/assets/dist/js/vendor/ion.rangeSlider.min.js]
[wpdemo.redq.io/sites/dress-rental/assets/dist/js/vendor/jquery.flexslider-min.js]
[wpdemo.redq.io/sites/dress-rental/assets/dist/js/vendor/dateRangePicker.js]
[wpdemo.redq.io/sites/dress-rental/assets/dist/js/vendor/jquery.nicescroll.min.js]
[wpdemo.redq.io/sites/dress-rental/assets/dist/js/vendor/select2.min.js]
[wpdemo.redq.io/sites/dress-rental/assets/dist/js/vendor/lightbox.min.js]
[wpdemo.redq.io/sites/dress-rental/assets/dist/js/vendor/jquery.smooth-scroll.js]
[wpdemo.redq.io/sites/dress-rental/html/index.html]
[wpdemo.redq.io/sites/dress-rental/assets/dist/js/custom.js]
[wpdemo.redq.io/sites/dress-rental/assets/dist/img/close.png]
[wpdemo.redq.io/sites/dress-rental/assets/dist/img/loading.gif]
[wpdemo.redq.io/sites/dress-rental/assets/dist/img/prev.png]
[wpdemo.redq.io/sites/dress-rental/assets/dist/img/next.png]
[wpdemo.redq.io/sites/dress-rental/assets/dist/img/sprite-skin-flat.png]
[wpdemo.redq.io/sites/dress-rental/assets/dist/img/background/bg-1.jpg]
[wpdemo.redq.io/sites/dress-rental/assets/dist/img/join-us/bg2.jpg]
[wpdemo.redq.io/sites/dress-rental/assets/dist/img/background/bg-2.jpg]
[wpdemo.redq.io/sites/dress-rental/assets/dist/img/background/bg-3.jpg]
[wpdemo.redq.io/sites/dress-rental/assets/dist/style/elements.css]
[wpdemo.redq.io/sites/dress-rental/assets/dist/style/header.css]
[wpdemo.redq.io/sites/dress-rental/assets/dist/style/footer.css]
[wpdemo.redq.io/sites/dress-rental/assets/dist/style/blog.css]
[wpdemo.redq.io/sites/dress-rental/html/index-2.html]
[wpdemo.redq.io/sites/dress-rental/assets/dist/img/products-list/grid-b1.jpg]
[wpdemo.redq.io/sites/dress-rental/assets/dist/img/products-list/list1.jpg]
[wpdemo.redq.io/sites/dress-rental/assets/dist/img/products-list/grid-b6.jpg]
[wpdemo.redq.io/sites/dress-rental/assets/dist/img/products-list/list2.jpg]
[wpdemo.redq.io/sites/dress-rental/assets/dist/img/products-list/grid-b8.jpg]
[wpdemo.redq.io/sites/dress-rental/assets/dist/img/products-list/list3.jpg]
[wpdemo.redq.io/sites/dress-rental/assets/dist/img/products-list/grid-b2.jpg]
[wpdemo.redq.io/sites/dress-rental/assets/dist/img/products-list/list4.jpg]
[wpdemo.redq.io/sites/dress-rental/html/listing-page-list.html]
[wpdemo.redq.io/sites/dress-rental/assets/dist/img/products-list/gridb1.jpg]
[wpdemo.redq.io/sites/dress-rental/assets/dist/img/cross.png]
[wpdemo.redq.io/sites/dress-rental/assets/dist/img/products-list/gridb2.jpg]
[wpdemo.redq.io/sites/dress-rental/assets/dist/img/products-list/grid-b4.jpg]
[wpdemo.redq.io/sites/dress-rental/assets/dist/img/products-list/gridb3.jpg]
[wpdemo.redq.io/sites/dress-rental/assets/dist/img/products-list/gridb4.jpg]
[wpdemo.redq.io/sites/dress-rental/assets/dist/img/products-list/grid-b7.jpg]
[wpdemo.redq.io/sites/dress-rental/assets/dist/img/products-list/gridb5.jpg]
[wpdemo.redq.io/sites/dress-rental/assets/dist/img/products-list/gridb6.jpg]
[wpdemo.redq.io/sites/dress-rental/html/listing-page2.html]
[wpdemo.redq.io/sites/dress-rental/assets/dist/img/products-list/grid1.jpg]
[wpdemo.redq.io/sites/dress-rental/assets/dist/img/products-list/grid2.jpg]
[wpdemo.redq.io/sites/dress-rental/assets/dist/img/products-list/grid-b3.jpg]
[wpdemo.redq.io/sites/dress-rental/assets/dist/img/products-list/grid3.jpg]
[wpdemo.redq.io/sites/dress-rental/assets/dist/img/products-list/grid4.jpg]
[wpdemo.redq.io/sites/dress-rental/assets/dist/img/products-list/grid-b5.jpg]
[wpdemo.redq.io/sites/dress-rental/assets/dist/img/products-list/grid5.jpg]
[wpdemo.redq.io/sites/dress-rental/assets/dist/img/products-list/grid6.jpg]
[wpdemo.redq.io/sites/dress-rental/assets/dist/img/products-list/grid7.jpg]
[wpdemo.redq.io/sites/dress-rental/assets/dist/img/products-list/grid8.jpg]
[wpdemo.redq.io/sites/dress-rental/assets/dist/img/products-list/grid-b9.jpg]
[wpdemo.redq.io/sites/dress-rental/assets/dist/img/products-list/grid9.jpg]
[wpdemo.redq.io/sites/dress-rental/html/listing-page.html]
[wpdemo.redq.io/sites/dress-rental/assets/dist/img/blog/1.jpg]
[wpdemo.redq.io/sites/dress-rental/assets/dist/img/blog/2.jpg]
[wpdemo.redq.io/sites/dress-rental/assets/dist/img/blog/3.jpg]
[wpdemo.redq.io/sites/dress-rental/html/blog-listing.html]
[wpdemo.redq.io/sites/dress-rental/assets/dist/img/post-single/image-post.jpg]
[wpdemo.redq.io/sites/dress-rental/assets/dist/img/post-single/single-post-author.jpg]
[wpdemo.redq.io/sites/dress-rental/assets/dist/img/post-single/related-post1.jpg]
[wpdemo.redq.io/sites/dress-rental/assets/dist/img/post-single/related-post2.jpg]
[wpdemo.redq.io/sites/dress-rental/assets/dist/img/post-single/related-post3.jpg]
[wpdemo.redq.io/sites/dress-rental/assets/dist/img/post-single/comment-img1.jpg]
[wpdemo.redq.io/sites/dress-rental/assets/dist/img/post-single/comment-img3.jpg]
[wpdemo.redq.io/sites/dress-rental/assets/dist/img/post-single/comment-img2.jpg]
[wpdemo.redq.io/sites/dress-rental/html/post-single.html]
[wpdemo.redq.io/sites/dress-rental/assets/dist/img/cart/cart-step.png]
[wpdemo.redq.io/sites/dress-rental/assets/dist/img/cart/1.jpg]
[wpdemo.redq.io/sites/dress-rental/html/cart.html]
[wpdemo.redq.io/sites/dress-rental/assets/dist/img/down.png]
[wpdemo.redq.io/sites/dress-rental/assets/dist/img/team/1.png]
[wpdemo.redq.io/sites/dress-rental/assets/dist/img/team/2.png]
[wpdemo.redq.io/sites/dress-rental/assets/dist/img/team/3.png]
[wpdemo.redq.io/sites/dress-rental/assets/dist/img/team/4.png]
[wpdemo.redq.io/sites/dress-rental/html/about-us.html]
[wpdemo.redq.io/sites/dress-rental/html/service.html]
[wpdemo.redq.io/sites/dress-rental/assets/dist/img/product-details/1_1.jpg]
[wpdemo.redq.io/sites/dress-rental/assets/dist/img/product-details/1.jpg]
[wpdemo.redq.io/sites/dress-rental/assets/dist/img/product-details/1_2.jpg]
[wpdemo.redq.io/sites/dress-rental/assets/dist/img/product-details/1_3.jpg]
[wpdemo.redq.io/sites/dress-rental/assets/dist/img/complete-look/1.jpg]
[wpdemo.redq.io/sites/dress-rental/assets/dist/img/complete-look/2.jpg]
[wpdemo.redq.io/sites/dress-rental/assets/dist/img/complete-look/3.jpg]
[wpdemo.redq.io/sites/dress-rental/assets/dist/img/customer-photo/1.jpg]
[wpdemo.redq.io/sites/dress-rental/assets/dist/img/customer-photo/2.jpg]
[wpdemo.redq.io/sites/dress-rental/assets/dist/img/customer-photo/3.jpg]
[wpdemo.redq.io/sites/dress-rental/assets/dist/img/top-reviews/1.jpg]
[wpdemo.redq.io/sites/dress-rental/assets/dist/img/top-reviews/2.jpg]
[wpdemo.redq.io/sites/dress-rental/html/booking.html]
[wpdemo.redq.io/sites/dress-rental/assets/dist/style/owl.video.play.html]
[wpdemo.redq.io/sites/dress-rental/assets/dist/style/fonts/flexslider-icon.html]
[wpdemo.redq.io/sites/dress-rental/assets/dist/style/fonts/flexslider-icond41d.html]
[wpdemo.redq.io/sites/dress-rental/assets/dist/style/fonts/flexslider-icon-2.html]
[wpdemo.redq.io/sites/dress-rental/assets/dist/style/fonts/flexslider-icon-3.html]
[wpdemo.redq.io/sites/dress-rental/assets/dist/style/fonts/flexslider-icon-4.html]
